Archive member included because of file (symbol)

/usr/lib/libc_nonshared.a(elf-init.oS)
                              /usr/lib/gcc/i686-redhat-linux/4.4.5/../../../crt1.o (__libc_csu_fini)
/usr/lib/libc_nonshared.a(atexit.oS)
                              pidfile.o (atexit)

Allocating common symbols
Common symbol       size              file

dvmrp_genid         0x4               igmp.o
s3                  0x13              inet.o
our_addr            0x4               mapper.o
numvifs             0x2               mapper.o
s4                  0x13              inet.o
allrtrs_group       0x4               igmp.o
dvmrp_group         0x4               igmp.o
igmp_socket         0x4               igmp.o
recv_buf            0x4               igmp.o
send_buf            0x4               igmp.o
s1                  0x13              inet.o
allhosts_group      0x4               igmp.o
s2                  0x13              inet.o

Discarded input sections

 .note.GNU-stack
                0x0000000000000000        0x0 /usr/lib/gcc/i686-redhat-linux/4.4.5/../../../crt1.o
 .note.GNU-stack
                0x0000000000000000        0x0 /usr/lib/gcc/i686-redhat-linux/4.4.5/../../../crti.o
 .note.GNU-stack
                0x0000000000000000        0x0 /usr/lib/gcc/i686-redhat-linux/4.4.5/crtbegin.o
 .note.GNU-stack
                0x0000000000000000        0x0 igmp.o
 .note.GNU-stack
                0x0000000000000000        0x0 inet.o
 .note.GNU-stack
                0x0000000000000000        0x0 kern.o
 .note.GNU-stack
                0x0000000000000000        0x0 mapper.o
 .note.GNU-stack
                0x0000000000000000        0x0 strlcpy.o
 .note.GNU-stack
                0x0000000000000000        0x0 pidfile.o
 .note.GNU-stack
                0x0000000000000000        0x0 strtonum.o
 .group         0x0000000000000000        0x8 /usr/lib/libc_nonshared.a(elf-init.oS)
 .note.GNU-stack
                0x0000000000000000        0x0 /usr/lib/libc_nonshared.a(elf-init.oS)
 .group         0x0000000000000000        0x8 /usr/lib/libc_nonshared.a(atexit.oS)
 .text.__i686.get_pc_thunk.bx
                0x0000000000000000        0x4 /usr/lib/libc_nonshared.a(atexit.oS)
 .note.GNU-stack
                0x0000000000000000        0x0 /usr/lib/libc_nonshared.a(atexit.oS)
 .note.GNU-stack
                0x0000000000000000        0x0 /usr/lib/gcc/i686-redhat-linux/4.4.5/crtend.o
 .note.GNU-stack
                0x0000000000000000        0x0 /usr/lib/gcc/i686-redhat-linux/4.4.5/../../../crtn.o

Memory Configuration

Name             Origin             Length             Attributes
*default*        0x0000000000000000 0xffffffffffffffff

Linker script and memory map

LOAD /usr/lib/gcc/i686-redhat-linux/4.4.5/../../../crt1.o
LOAD /usr/lib/gcc/i686-redhat-linux/4.4.5/../../../crti.o
LOAD /usr/lib/gcc/i686-redhat-linux/4.4.5/crtbegin.o
LOAD igmp.o
LOAD inet.o
LOAD kern.o
LOAD mapper.o
LOAD strlcpy.o
LOAD pidfile.o
LOAD strtonum.o
LOAD /usr/lib/gcc/i686-redhat-linux/4.4.5/libgcc.a
LOAD /usr/lib/gcc/i686-redhat-linux/4.4.5/libgcc_s.so
LOAD /usr/lib/gcc/i686-redhat-linux/4.4.5/../../../libc.so
START GROUP
LOAD /lib/libc.so.6
LOAD /usr/lib/libc_nonshared.a
LOAD /lib/ld-linux.so.2
END GROUP
LOAD /usr/lib/gcc/i686-redhat-linux/4.4.5/libgcc.a
LOAD /usr/lib/gcc/i686-redhat-linux/4.4.5/libgcc_s.so
LOAD /usr/lib/gcc/i686-redhat-linux/4.4.5/crtend.o
LOAD /usr/lib/gcc/i686-redhat-linux/4.4.5/../../../crtn.o
                0x0000000008048000                PROVIDE (__executable_start, 0x8048000)
                0x0000000008048134                . = (0x8048000 + SIZEOF_HEADERS)

.interp         0x0000000008048134       0x13
 *(.interp)
 .interp        0x0000000008048134       0x13 /usr/lib/gcc/i686-redhat-linux/4.4.5/../../../crt1.o

.note.ABI-tag   0x0000000008048148       0x20
 .note.ABI-tag  0x0000000008048148       0x20 /usr/lib/gcc/i686-redhat-linux/4.4.5/../../../crt1.o

.note.gnu.build-id
                0x0000000008048168       0x24
 *(.note.gnu.build-id)
 .note.gnu.build-id
                0x0000000008048168       0x24 /usr/lib/gcc/i686-redhat-linux/4.4.5/../../../crt1.o

.hash
 *(.hash)

.gnu.hash       0x000000000804818c       0x3c
 *(.gnu.hash)
 .gnu.hash      0x000000000804818c       0x3c /usr/lib/gcc/i686-redhat-linux/4.4.5/../../../crt1.o

.dynsym         0x00000000080481c8      0x360
 *(.dynsym)
 .dynsym        0x00000000080481c8      0x360 /usr/lib/gcc/i686-redhat-linux/4.4.5/../../../crt1.o

.dynstr         0x0000000008048528      0x1e2
 *(.dynstr)
 .dynstr        0x0000000008048528      0x1e2 /usr/lib/gcc/i686-redhat-linux/4.4.5/../../../crt1.o

.gnu.version    0x000000000804870a       0x6c
 *(.gnu.version)
 .gnu.version   0x000000000804870a       0x6c /usr/lib/gcc/i686-redhat-linux/4.4.5/../../../crt1.o

.gnu.version_d  0x0000000008048778        0x0 load address 0x0000000008048776
 *(.gnu.version_d)
 .gnu.version_d
                0x0000000000000000        0x0 /usr/lib/gcc/i686-redhat-linux/4.4.5/../../../crt1.o

.gnu.version_r  0x0000000008048778       0x40
 *(.gnu.version_r)
 .gnu.version_r
                0x0000000008048778       0x40 /usr/lib/gcc/i686-redhat-linux/4.4.5/../../../crt1.o

.rel.dyn        0x00000000080487b8       0x28
 *(.rel.init)
 *(.rel.text .rel.text.* .rel.gnu.linkonce.t.*)
 .rel.text      0x0000000000000000        0x0 /usr/lib/gcc/i686-redhat-linux/4.4.5/../../../crt1.o
 *(.rel.fini)
 *(.rel.rodata .rel.rodata.* .rel.gnu.linkonce.r.*)
 *(.rel.data.rel.ro* .rel.gnu.linkonce.d.rel.ro.*)
 *(.rel.data .rel.data.* .rel.gnu.linkonce.d.*)
 *(.rel.tdata .rel.tdata.* .rel.gnu.linkonce.td.*)
 *(.rel.tbss .rel.tbss.* .rel.gnu.linkonce.tb.*)
 *(.rel.ctors)
 *(.rel.dtors)
 *(.rel.got)
 .rel.got       0x00000000080487b8        0x8 /usr/lib/gcc/i686-redhat-linux/4.4.5/../../../crt1.o
 *(.rel.sharable_data .rel.sharable_data.* .rel.gnu.linkonce.shrd.*)
 *(.rel.sharable_bss .rel.sharable_bss.* .rel.gnu.linkonce.shrb.*)
 .rel.sharable_bss
                0x0000000000000000        0x0 /usr/lib/gcc/i686-redhat-linux/4.4.5/../../../crt1.o
 *(.rel.bss .rel.bss.* .rel.gnu.linkonce.b.*)
 .rel.bss       0x00000000080487c0       0x20 /usr/lib/gcc/i686-redhat-linux/4.4.5/../../../crt1.o
 *(.rel.ifunc)

.rel.plt        0x00000000080487e0      0x178
 *(.rel.plt)
 .rel.plt       0x00000000080487e0      0x178 /usr/lib/gcc/i686-redhat-linux/4.4.5/../../../crt1.o
                0x0000000008048958                PROVIDE (__rel_iplt_start, .)
 *(.rel.iplt)
 .rel.iplt      0x0000000000000000        0x0 /usr/lib/gcc/i686-redhat-linux/4.4.5/../../../crt1.o
                0x0000000008048958                PROVIDE (__rel_iplt_end, .)

.init           0x0000000008048958       0x30
 *(.init)
 .init          0x0000000008048958       0x22 /usr/lib/gcc/i686-redhat-linux/4.4.5/../../../crti.o
                0x0000000008048958                _init
 .init          0x000000000804897a        0x5 /usr/lib/gcc/i686-redhat-linux/4.4.5/crtbegin.o
 .init          0x000000000804897f        0x5 /usr/lib/gcc/i686-redhat-linux/4.4.5/crtend.o
 .init          0x0000000008048984        0x4 /usr/lib/gcc/i686-redhat-linux/4.4.5/../../../crtn.o

.plt            0x0000000008048988      0x300
 *(.plt)
 .plt           0x0000000008048988      0x300 /usr/lib/gcc/i686-redhat-linux/4.4.5/../../../crt1.o
                0x0000000008048998                __errno_location@@GLIBC_2.0
                0x00000000080489a8                connect@@GLIBC_2.0
                0x00000000080489b8                getpid@@GLIBC_2.0
                0x00000000080489c8                strerror@@GLIBC_2.0
                0x00000000080489d8                getsockname@@GLIBC_2.0
                0x00000000080489e8                __cxa_atexit@@GLIBC_2.1.3
                0x00000000080489f8                err@@GLIBC_2.0
                0x0000000008048a08                setlinebuf@@GLIBC_2.0
                0x0000000008048a28                inet_addr@@GLIBC_2.0
                0x0000000008048a38                putchar@@GLIBC_2.0
                0x0000000008048a48                sendto@@GLIBC_2.0
                0x0000000008048a58                __libc_start_main@@GLIBC_2.0
                0x0000000008048a68                strtoll@@GLIBC_2.0
                0x0000000008048a78                perror@@GLIBC_2.0
                0x0000000008048a88                free@@GLIBC_2.0
                0x0000000008048a98                socket@@GLIBC_2.0
                0x0000000008048aa8                fclose@@GLIBC_2.1
                0x0000000008048ab8                setuid@@GLIBC_2.0
                0x0000000008048ac8                getopt@@GLIBC_2.0
                0x0000000008048ad8                memcpy@@GLIBC_2.0
                0x0000000008048ae8                strlen@@GLIBC_2.0
                0x0000000008048af8                fopen@@GLIBC_2.1
                0x0000000008048b08                unlink@@GLIBC_2.0
                0x0000000008048b18                asprintf@@GLIBC_2.0
                0x0000000008048b28                printf@@GLIBC_2.0
                0x0000000008048b38                ctime@@GLIBC_2.0
                0x0000000008048b48                getuid@@GLIBC_2.0
                0x0000000008048b58                gethostbyaddr@@GLIBC_2.0
                0x0000000008048b68                select@@GLIBC_2.0
                0x0000000008048b78                close@@GLIBC_2.0
                0x0000000008048b88                fwrite@@GLIBC_2.0
                0x0000000008048b98                fprintf@@GLIBC_2.0
                0x0000000008048ba8                time@@GLIBC_2.0
                0x0000000008048bb8                malloc@@GLIBC_2.0
                0x0000000008048bc8                fputc@@GLIBC_2.0
                0x0000000008048bd8                puts@@GLIBC_2.0
                0x0000000008048be8                setsockopt@@GLIBC_2.0
                0x0000000008048bf8                sscanf@@GLIBC_2.0
                0x0000000008048c08                vfprintf@@GLIBC_2.0
                0x0000000008048c18                getsockopt@@GLIBC_2.0
                0x0000000008048c28                snprintf@@GLIBC_2.0
                0x0000000008048c38                gethostbyname@@GLIBC_2.0
                0x0000000008048c48                warnx@@GLIBC_2.0
                0x0000000008048c58                recvfrom@@GLIBC_2.0
                0x0000000008048c68                exit@@GLIBC_2.0
                0x0000000008048c78                geteuid@@GLIBC_2.0
 *(.iplt)
 .iplt          0x0000000000000000        0x0 /usr/lib/gcc/i686-redhat-linux/4.4.5/../../../crt1.o

.text           0x0000000008048c90     0x3bfc
 *(.text.unlikely .text.*_unlikely)
 *(.text .stub .text.* .gnu.linkonce.t.*)
 .text          0x0000000008048c90       0x24 /usr/lib/gcc/i686-redhat-linux/4.4.5/../../../crt1.o
                0x0000000008048c90                _start
 .text          0x0000000008048cb4        0x0 /usr/lib/gcc/i686-redhat-linux/4.4.5/../../../crti.o
 *fill*         0x0000000008048cb4        0xc 90909090
 .text          0x0000000008048cc0       0x84 /usr/lib/gcc/i686-redhat-linux/4.4.5/crtbegin.o
 *fill*         0x0000000008048d44        0xc 90909090
 .text          0x0000000008048d50      0xb24 igmp.o
                0x0000000008048d50                igmp_debug_kind
                0x0000000008048da0                build_igmp
                0x0000000008048e40                igmp_packet_kind
                0x0000000008048fb0                send_igmp
                0x0000000008049240                accept_igmp
                0x0000000008049770                init_igmp
 *fill*         0x0000000008049874        0xc 90909090
 .text          0x0000000008049880      0x3e1 inet.o
                0x0000000008049880                inet_valid_mask
                0x00000000080498a0                inet_cksum
                0x0000000008049920                inet_parse
                0x00000000080499e0                inet_fmt
                0x0000000008049a30                inet_valid_subnet
                0x0000000008049ad0                inet_valid_host
                0x0000000008049b10                inet_fmts
 *fill*         0x0000000008049c61        0xf 90909090
 .text          0x0000000008049c70      0x923 kern.o
                0x0000000008049c70                k_get_version
                0x0000000008049ce0                k_del_vif
                0x0000000008049d90                k_add_vif
                0x0000000008049e30                k_set_loop
                0x0000000008049ea0                k_set_ttl
                0x0000000008049f30                k_hdr_include
                0x0000000008049fa0                k_set_rcvbuf
                0x000000000804a0c0                k_stop_dvmrp
                0x000000000804a130                k_init_dvmrp
                0x000000000804a1c0                k_del_rg
                0x000000000804a280                k_add_rg
                0x000000000804a370                k_leave
                0x000000000804a430                k_join
                0x000000000804a4f0                k_set_if
 *fill*         0x000000000804a593        0xd 90909090
 .text          0x000000000804a5a0     0x1e79 mapper.o
                0x000000000804a5a0                find_neighbor
                0x000000000804a5e0                accept_prune
                0x000000000804a5f0                accept_graft
                0x000000000804a600                accept_g_ack
                0x000000000804a610                add_table_entry
                0x000000000804a620                accept_leave_message
                0x000000000804a630                accept_mtrace
                0x000000000804a640                accept_membership_query
                0x000000000804a650                accept_info_request
                0x000000000804a660                accept_info_reply
                0x000000000804a670                usage
                0x000000000804a7d0                host_addr
                0x000000000804a830                inet_name
                0x000000000804a860                graph_name
                0x000000000804a8d0                print_map
                0x000000000804ac50                find_interface
                0x000000000804acb0                find_node
                0x000000000804ad20                elide_aliases
                0x000000000804adb0                graph_edges
                0x000000000804afc0                graph_map
                0x000000000804b030                ask2
                0x000000000804b070                ask
                0x000000000804b0b0                retry_requests
                0x000000000804b130                logit
                0x000000000804b230                main
                0x000000000804b7f0                check_vif_state
                0x000000000804b820                accept_neighbors2
                0x000000000804bcb0                accept_neighbors
                0x000000000804c1d0                accept_neighbor_request2
                0x000000000804c250                accept_neighbor_request
                0x000000000804c2d0                accept_report
                0x000000000804c340                accept_probe
                0x000000000804c3b0                accept_group_report
 *fill*         0x000000000804c419        0x7 90909090
 .text          0x000000000804c420       0x56 strlcpy.o
                0x000000000804c420                strlcpy
 *fill*         0x000000000804c476        0xa 90909090
 .text          0x000000000804c480      0x179 pidfile.o
                0x000000000804c4b0                pidfile
 *fill*         0x000000000804c5f9        0x7 90909090
 .text          0x000000000804c600      0x1a3 strtonum.o
                0x000000000804c600                strtonum
 *fill*         0x000000000804c7a3        0xd 90909090
 .text          0x000000000804c7b0       0x6a /usr/lib/libc_nonshared.a(elf-init.oS)
                0x000000000804c7b0                __libc_csu_fini
                0x000000000804c7c0                __libc_csu_init
 .text.__i686.get_pc_thunk.bx
                0x000000000804c81a        0x4 /usr/lib/libc_nonshared.a(elf-init.oS)
                0x000000000804c81a                __i686.get_pc_thunk.bx
 *fill*         0x000000000804c81e        0x2 90909090
 .text          0x000000000804c820       0x3b /usr/lib/libc_nonshared.a(atexit.oS)
                0x000000000804c820                atexit
 *fill*         0x000000000804c85b        0x5 90909090
 .text          0x000000000804c860       0x2b /usr/lib/gcc/i686-redhat-linux/4.4.5/crtend.o
 *fill*         0x000000000804c88b        0x1 90909090
 .text          0x000000000804c88c        0x0 /usr/lib/gcc/i686-redhat-linux/4.4.5/../../../crtn.o
 *(.gnu.warning)

.fini           0x000000000804c88c       0x1c
 *(.fini)
 .fini          0x000000000804c88c       0x13 /usr/lib/gcc/i686-redhat-linux/4.4.5/../../../crti.o
                0x000000000804c88c                _fini
 .fini          0x000000000804c89f        0x5 /usr/lib/gcc/i686-redhat-linux/4.4.5/crtbegin.o
 .fini          0x000000000804c8a4        0x4 /usr/lib/gcc/i686-redhat-linux/4.4.5/../../../crtn.o
                0x000000000804c8a8                PROVIDE (__etext, .)
                0x000000000804c8a8                PROVIDE (_etext, .)
                0x000000000804c8a8                PROVIDE (etext, .)

.rodata         0x000000000804c8c0      0xd26
 *(.rodata .rodata.* .gnu.linkonce.r.*)
 .rodata        0x000000000804c8c0        0x4 /usr/lib/gcc/i686-redhat-linux/4.4.5/../../../crt1.o
                0x000000000804c8c0                _fp_hw
 .rodata.cst4   0x000000000804c8c4        0x4 /usr/lib/gcc/i686-redhat-linux/4.4.5/../../../crt1.o
                0x000000000804c8c4                _IO_stdin_used
 .rodata        0x000000000804c8c8        0x4 /usr/lib/gcc/i686-redhat-linux/4.4.5/crtbegin.o
                0x000000000804c8c8                __dso_handle
 .rodata.str1.1
                0x000000000804c8cc      0x290 igmp.o
 *fill*         0x000000000804cb5c        0x4 00
 .rodata        0x000000000804cb60      0x12c igmp.o
 .rodata.str1.4
                0x000000000804cc8c      0x128 igmp.o
 .rodata.str1.1
                0x000000000804cdb4       0x31 inet.o
                                         0x4c (size before relaxing)
 *fill*         0x000000000804cde5        0x3 00
 .rodata.str1.4
                0x000000000804cde8      0x221 kern.o
 .rodata.str1.1
                0x000000000804d009       0x4e kern.o
 *fill*         0x000000000804d057        0x1 00
 .rodata.str1.4
                0x000000000804d058      0x310 mapper.o
 .rodata.str1.1
                0x000000000804d368      0x203 mapper.o
                                        0x214 (size before relaxing)
 *fill*         0x000000000804d56b        0x1 00
 .rodata        0x000000000804d56c       0x44 mapper.o
 .rodata.str1.1
                0x000000000804d5b0       0x1a pidfile.o
 .rodata.str1.1
                0x000000000804d5ca       0x1c strtonum.o

.rodata1
 *(.rodata1)

.eh_frame_hdr   0x000000000804d5e8       0x2c
 *(.eh_frame_hdr)
 .eh_frame_hdr  0x000000000804d5e8       0x2c /usr/lib/libc_nonshared.a(elf-init.oS)

.eh_frame       0x000000000804d614       0xa0
 *(.eh_frame)
 .eh_frame      0x000000000804d614       0x78 /usr/lib/libc_nonshared.a(elf-init.oS)
 .eh_frame      0x000000000804d68c       0x24 /usr/lib/libc_nonshared.a(atexit.oS)
                                         0x50 (size before relaxing)
 .eh_frame      0x000000000804d6b0        0x4 /usr/lib/gcc/i686-redhat-linux/4.4.5/crtend.o

.gcc_except_table
 *(.gcc_except_table .gcc_except_table.*)
                0x000000000804d6b4                . = (ALIGN (0x1000) - ((0x1000 - .) & 0xfff))
                0x000000000804e6b4                . = (0x1000 DATA_SEGMENT_ALIGN 0x1000)

.eh_frame
 *(.eh_frame)

.gcc_except_table
 *(.gcc_except_table .gcc_except_table.*)

.tdata
 *(.tdata .tdata.* .gnu.linkonce.td.*)

.tbss
 *(.tbss .tbss.* .gnu.linkonce.tb.*)
 *(.tcommon)

.preinit_array  0x000000000804e6b4        0x0
                0x000000000804e6b4                PROVIDE (__preinit_array_start, .)
 *(.preinit_array)
                0x000000000804e6b4                PROVIDE (__preinit_array_end, .)

.init_array     0x000000000804e6b4        0x0
                0x000000000804e6b4                PROVIDE (__init_array_start, .)
 *(SORT(.init_array.*))
 *(.init_array)
                0x000000000804e6b4                PROVIDE (__init_array_end, .)

.fini_array     0x000000000804e6b4        0x0
                0x000000000804e6b4                PROVIDE (__fini_array_start, .)
 *(.fini_array)
 *(SORT(.fini_array.*))
                0x000000000804e6b4                PROVIDE (__fini_array_end, .)

.ctors          0x000000000804e6b4        0x8
 *crtbegin.o(.ctors)
 .ctors         0x000000000804e6b4        0x4 /usr/lib/gcc/i686-redhat-linux/4.4.5/crtbegin.o
 *crtbegin?.o(.ctors)
 *(EXCLUDE_FILE(*crtend?.o *crtend.o) .ctors)
 *(SORT(.ctors.*))
 *(.ctors)
 .ctors         0x000000000804e6b8        0x4 /usr/lib/gcc/i686-redhat-linux/4.4.5/crtend.o

.dtors          0x000000000804e6bc        0x8
 *crtbegin.o(.dtors)
 .dtors         0x000000000804e6bc        0x4 /usr/lib/gcc/i686-redhat-linux/4.4.5/crtbegin.o
 *crtbegin?.o(.dtors)
 *(EXCLUDE_FILE(*crtend?.o *crtend.o) .dtors)
 *(SORT(.dtors.*))
 *(.dtors)
 .dtors         0x000000000804e6c0        0x4 /usr/lib/gcc/i686-redhat-linux/4.4.5/crtend.o
                0x000000000804e6c0                __DTOR_END__

.jcr            0x000000000804e6c4        0x4
 *(.jcr)
 .jcr           0x000000000804e6c4        0x0 /usr/lib/gcc/i686-redhat-linux/4.4.5/crtbegin.o
 .jcr           0x000000000804e6c4        0x4 /usr/lib/gcc/i686-redhat-linux/4.4.5/crtend.o

.data.rel.ro
 *(.data.rel.ro.local* .gnu.linkonce.d.rel.ro.local.*)
 *(.data.rel.ro* .gnu.linkonce.d.rel.ro.*)

.dynamic        0x000000000804e6c8       0xc8
 *(.dynamic)
 .dynamic       0x000000000804e6c8       0xc8 /usr/lib/gcc/i686-redhat-linux/4.4.5/../../../crt1.o
                0x000000000804e6c8                _DYNAMIC

.got            0x000000000804e790        0x8
 *(.got)
 .got           0x000000000804e790        0x8 /usr/lib/gcc/i686-redhat-linux/4.4.5/../../../crt1.o
 *(.igot)
                0x000000000804e798                . = (. DATA_SEGMENT_RELRO_END 0xc)

.got.plt        0x000000000804e798       0xc8
 *(.got.plt)
 .got.plt       0x000000000804e798       0xc8 /usr/lib/gcc/i686-redhat-linux/4.4.5/../../../crt1.o
                0x000000000804e798                _GLOBAL_OFFSET_TABLE_
 *(.igot.plt)
 .igot.plt      0x0000000000000000        0x0 /usr/lib/gcc/i686-redhat-linux/4.4.5/../../../crt1.o

.data           0x000000000804e860       0x10
 *(.data .data.* .gnu.linkonce.d.*)
 .data          0x000000000804e860        0x4 /usr/lib/gcc/i686-redhat-linux/4.4.5/../../../crt1.o
                0x000000000804e860                data_start
                0x000000000804e860                __data_start
 .data          0x000000000804e864        0x0 /usr/lib/gcc/i686-redhat-linux/4.4.5/../../../crti.o
 .data          0x000000000804e864        0x0 /usr/lib/gcc/i686-redhat-linux/4.4.5/crtbegin.o
 .data          0x000000000804e864        0x0 igmp.o
 .data          0x000000000804e864        0x0 inet.o
 .data          0x000000000804e864        0x0 kern.o
 .data          0x000000000804e864        0xc mapper.o
                0x000000000804e864                retries
                0x000000000804e868                timeout
                0x000000000804e86c                show_names
 .data          0x000000000804e870        0x0 strlcpy.o
 .data          0x000000000804e870        0x0 pidfile.o
 .data          0x000000000804e870        0x0 strtonum.o
 .data          0x000000000804e870        0x0 /usr/lib/libc_nonshared.a(elf-init.oS)
 .data          0x000000000804e870        0x0 /usr/lib/libc_nonshared.a(atexit.oS)
 .data          0x000000000804e870        0x0 /usr/lib/gcc/i686-redhat-linux/4.4.5/crtend.o
 .data          0x000000000804e870        0x0 /usr/lib/gcc/i686-redhat-linux/4.4.5/../../../crtn.o

.data1
 *(.data1)

.sharable_data  0x000000000804f000        0x0
                0x000000000804f000                PROVIDE (__sharable_data_start, .)
 *(.sharable_data .sharable_data.* .gnu.linkonce.shrd.*)
                0x000000000804f000                . = ALIGN ((. != 0x0)?0x1000:0x1)
                0x000000000804f000                PROVIDE (__sharable_data_end, .)
                0x000000000804f000                _edata = .
                0x000000000804f000                PROVIDE (edata, .)
                0x000000000804f000                __bss_start = .

.bss            0x000000000804e870       0xb4
 *(.dynbss)
 .dynbss        0x000000000804e870       0x10 /usr/lib/gcc/i686-redhat-linux/4.4.5/../../../crt1.o
                0x000000000804e870                __progname@@GLIBC_2.0
                0x000000000804e870                program_invocation_short_name@@GLIBC_2.0
                0x000000000804e874                optind@@GLIBC_2.0
                0x000000000804e878                stderr@@GLIBC_2.0
                0x000000000804e87c                optarg@@GLIBC_2.0
 *(.bss .bss.* .gnu.linkonce.b.*)
 .bss           0x000000000804e880        0x0 /usr/lib/gcc/i686-redhat-linux/4.4.5/../../../crt1.o
 .bss           0x000000000804e880        0x0 /usr/lib/gcc/i686-redhat-linux/4.4.5/../../../crti.o
 .bss           0x000000000804e880        0x8 /usr/lib/gcc/i686-redhat-linux/4.4.5/crtbegin.o
 .bss           0x000000000804e888       0x14 igmp.o
 .bss           0x000000000804e89c        0x0 inet.o
 .bss           0x000000000804e89c        0x4 kern.o
                0x000000000804e89c                curttl
 .bss           0x000000000804e8a0        0xc mapper.o
                0x000000000804e8a0                routers
                0x000000000804e8a4                target_addr
                0x000000000804e8a8                debug
 .bss           0x000000000804e8ac        0x0 strlcpy.o
 .bss           0x000000000804e8ac        0x8 pidfile.o
 .bss           0x000000000804e8b4        0x0 strtonum.o
 .bss           0x000000000804e8b4        0x0 /usr/lib/libc_nonshared.a(elf-init.oS)
 .bss           0x000000000804e8b4        0x0 /usr/lib/libc_nonshared.a(atexit.oS)
 .bss           0x000000000804e8b4        0x0 /usr/lib/gcc/i686-redhat-linux/4.4.5/crtend.o
 .bss           0x000000000804e8b4        0x0 /usr/lib/gcc/i686-redhat-linux/4.4.5/../../../crtn.o
 *(COMMON)
 COMMON         0x000000000804e8b4       0x1c igmp.o
                0x000000000804e8b4                dvmrp_genid
                0x000000000804e8b8                allrtrs_group
                0x000000000804e8bc                dvmrp_group
                0x000000000804e8c0                igmp_socket
                0x000000000804e8c4                recv_buf
                0x000000000804e8c8                send_buf
                0x000000000804e8cc                allhosts_group
 COMMON         0x000000000804e8d0       0x4c inet.o
                0x000000000804e8d0                s3
                0x000000000804e8e3                s4
                0x000000000804e8f6                s1
                0x000000000804e909                s2
 COMMON         0x000000000804e91c        0x6 mapper.o
                0x000000000804e91c                our_addr
                0x000000000804e920                numvifs
                0x000000000804e924                . = ALIGN ((. != 0x0)?0x4:0x1)
 *fill*         0x000000000804e922        0x2 00

.sharable_bss   0x000000000804f000        0x0
                0x000000000804f000                PROVIDE (__sharable_bss_start, .)
 *(.dynsharablebss)
 .dynsharablebss
                0x0000000000000000        0x0 /usr/lib/gcc/i686-redhat-linux/4.4.5/../../../crt1.o
 *(.sharable_bss .sharable_bss.* .gnu.linkonce.shrb.*)
 *(SHARABLE_COMMON)
                0x000000000804f000                . = ALIGN ((. != 0x0)?0x1000:0x1)
                0x000000000804f000                PROVIDE (__sharable_bss_end, .)
                0x000000000804f000                . = ALIGN (0x4)
                0x000000000804f000                . = ALIGN (0x4)
                0x000000000804f000                _end = .
                0x000000000804f000                PROVIDE (end, .)
                0x000000000804f000                . = DATA_SEGMENT_END (.)

.stab
 *(.stab)

.stabstr
 *(.stabstr)

.stab.excl
 *(.stab.excl)

.stab.exclstr
 *(.stab.exclstr)

.stab.index
 *(.stab.index)

.stab.indexstr
 *(.stab.indexstr)

.comment        0x0000000000000000       0x2c
 *(.comment)
 .comment       0x0000000000000000       0x2c /usr/lib/gcc/i686-redhat-linux/4.4.5/../../../crt1.o
                                         0x2d (size before relaxing)
 .comment       0x0000000000000000       0x2d /usr/lib/gcc/i686-redhat-linux/4.4.5/../../../crti.o
 .comment       0x0000000000000000       0x2d /usr/lib/gcc/i686-redhat-linux/4.4.5/crtbegin.o
 .comment       0x0000000000000000       0x2d igmp.o
 .comment       0x0000000000000000       0x2d inet.o
 .comment       0x0000000000000000       0x2d kern.o
 .comment       0x0000000000000000       0x2d mapper.o
 .comment       0x0000000000000000       0x2d strlcpy.o
 .comment       0x0000000000000000       0x2d pidfile.o
 .comment       0x0000000000000000       0x2d strtonum.o
 .comment       0x0000000000000000       0x2d /usr/lib/libc_nonshared.a(elf-init.oS)
 .comment       0x0000000000000000       0x2d /usr/lib/libc_nonshared.a(atexit.oS)
 .comment       0x0000000000000000       0x2d /usr/lib/gcc/i686-redhat-linux/4.4.5/crtend.o
 .comment       0x0000000000000000       0x2d /usr/lib/gcc/i686-redhat-linux/4.4.5/../../../crtn.o

.debug
 *(.debug)

.line
 *(.line)

.debug_srcinfo
 *(.debug_srcinfo)

.debug_sfnames
 *(.debug_sfnames)

.debug_aranges
 *(.debug_aranges)

.debug_pubnames
 *(.debug_pubnames)

.debug_info
 *(.debug_info .gnu.linkonce.wi.*)

.debug_abbrev
 *(.debug_abbrev)

.debug_line
 *(.debug_line)

.debug_frame
 *(.debug_frame)

.debug_str
 *(.debug_str)

.debug_loc
 *(.debug_loc)

.debug_macinfo
 *(.debug_macinfo)

.debug_weaknames
 *(.debug_weaknames)

.debug_funcnames
 *(.debug_funcnames)

.debug_typenames
 *(.debug_typenames)

.debug_varnames
 *(.debug_varnames)

.debug_pubtypes
 *(.debug_pubtypes)

.debug_ranges
 *(.debug_ranges)

.gnu.attributes
 *(.gnu.attributes)

/DISCARD/
 *(.note.GNU-stack)
 *(.gnu_debuglink)
 *(.gnu.lto_*)
OUTPUT(map-mbone elf32-i386)
