Archive member included because of file (symbol)

/usr/lib/libc_nonshared.a(elf-init.oS)
                              /usr/lib/gcc/i686-redhat-linux/4.4.5/../../../crt1.o (__libc_csu_fini)
/usr/lib/libc_nonshared.a(atexit.oS)
                              pidfile.o (atexit)

Allocating common symbols
Common symbol       size              file

dvmrp_genid         0x4               igmp.o
s3                  0x13              inet.o
our_addr            0x4               mrinfo.o
numvifs             0x2               mrinfo.o
s4                  0x13              inet.o
allrtrs_group       0x4               igmp.o
dvmrp_group         0x4               igmp.o
igmp_socket         0x4               igmp.o
recv_buf            0x4               igmp.o
send_buf            0x4               igmp.o
s1                  0x13              inet.o
allhosts_group      0x4               igmp.o
s2                  0x13              inet.o

Discarded input sections

 .note.GNU-stack
                0x0000000000000000        0x0 /usr/lib/gcc/i686-redhat-linux/4.4.5/../../../crt1.o
 .note.GNU-stack
                0x0000000000000000        0x0 /usr/lib/gcc/i686-redhat-linux/4.4.5/../../../crti.o
 .note.GNU-stack
                0x0000000000000000        0x0 /usr/lib/gcc/i686-redhat-linux/4.4.5/crtbegin.o
 .note.GNU-stack
                0x0000000000000000        0x0 igmp.o
 .note.GNU-stack
                0x0000000000000000        0x0 inet.o
 .note.GNU-stack
                0x0000000000000000        0x0 kern.o
 .note.GNU-stack
                0x0000000000000000        0x0 mrinfo.o
 .note.GNU-stack
                0x0000000000000000        0x0 strlcpy.o
 .note.GNU-stack
                0x0000000000000000        0x0 pidfile.o
 .note.GNU-stack
                0x0000000000000000        0x0 strtonum.o
 .group         0x0000000000000000        0x8 /usr/lib/libc_nonshared.a(elf-init.oS)
 .note.GNU-stack
                0x0000000000000000        0x0 /usr/lib/libc_nonshared.a(elf-init.oS)
 .group         0x0000000000000000        0x8 /usr/lib/libc_nonshared.a(atexit.oS)
 .text.__i686.get_pc_thunk.bx
                0x0000000000000000        0x4 /usr/lib/libc_nonshared.a(atexit.oS)
 .note.GNU-stack
                0x0000000000000000        0x0 /usr/lib/libc_nonshared.a(atexit.oS)
 .note.GNU-stack
                0x0000000000000000        0x0 /usr/lib/gcc/i686-redhat-linux/4.4.5/crtend.o
 .note.GNU-stack
                0x0000000000000000        0x0 /usr/lib/gcc/i686-redhat-linux/4.4.5/../../../crtn.o

Memory Configuration

Name             Origin             Length             Attributes
*default*        0x0000000000000000 0xffffffffffffffff

Linker script and memory map

LOAD /usr/lib/gcc/i686-redhat-linux/4.4.5/../../../crt1.o
LOAD /usr/lib/gcc/i686-redhat-linux/4.4.5/../../../crti.o
LOAD /usr/lib/gcc/i686-redhat-linux/4.4.5/crtbegin.o
LOAD igmp.o
LOAD inet.o
LOAD kern.o
LOAD mrinfo.o
LOAD strlcpy.o
LOAD pidfile.o
LOAD strtonum.o
LOAD /usr/lib/gcc/i686-redhat-linux/4.4.5/libgcc.a
LOAD /usr/lib/gcc/i686-redhat-linux/4.4.5/libgcc_s.so
LOAD /usr/lib/gcc/i686-redhat-linux/4.4.5/../../../libc.so
START GROUP
LOAD /lib/libc.so.6
LOAD /usr/lib/libc_nonshared.a
LOAD /lib/ld-linux.so.2
END GROUP
LOAD /usr/lib/gcc/i686-redhat-linux/4.4.5/libgcc.a
LOAD /usr/lib/gcc/i686-redhat-linux/4.4.5/libgcc_s.so
LOAD /usr/lib/gcc/i686-redhat-linux/4.4.5/crtend.o
LOAD /usr/lib/gcc/i686-redhat-linux/4.4.5/../../../crtn.o
                0x0000000008048000                PROVIDE (__executable_start, 0x8048000)
                0x0000000008048134                . = (0x8048000 + SIZEOF_HEADERS)

.interp         0x0000000008048134       0x13
 *(.interp)
 .interp        0x0000000008048134       0x13 /usr/lib/gcc/i686-redhat-linux/4.4.5/../../../crt1.o

.note.ABI-tag   0x0000000008048148       0x20
 .note.ABI-tag  0x0000000008048148       0x20 /usr/lib/gcc/i686-redhat-linux/4.4.5/../../../crt1.o

.note.gnu.build-id
                0x0000000008048168       0x24
 *(.note.gnu.build-id)
 .note.gnu.build-id
                0x0000000008048168       0x24 /usr/lib/gcc/i686-redhat-linux/4.4.5/../../../crt1.o

.hash
 *(.hash)

.gnu.hash       0x000000000804818c       0x3c
 *(.gnu.hash)
 .gnu.hash      0x000000000804818c       0x3c /usr/lib/gcc/i686-redhat-linux/4.4.5/../../../crt1.o

.dynsym         0x00000000080481c8      0x350
 *(.dynsym)
 .dynsym        0x00000000080481c8      0x350 /usr/lib/gcc/i686-redhat-linux/4.4.5/../../../crt1.o

.dynstr         0x0000000008048518      0x1eb
 *(.dynstr)
 .dynstr        0x0000000008048518      0x1eb /usr/lib/gcc/i686-redhat-linux/4.4.5/../../../crt1.o

.gnu.version    0x0000000008048704       0x6a
 *(.gnu.version)
 .gnu.version   0x0000000008048704       0x6a /usr/lib/gcc/i686-redhat-linux/4.4.5/../../../crt1.o

.gnu.version_d  0x0000000008048770        0x0 load address 0x000000000804876e
 *(.gnu.version_d)
 .gnu.version_d
                0x0000000000000000        0x0 /usr/lib/gcc/i686-redhat-linux/4.4.5/../../../crt1.o

.gnu.version_r  0x0000000008048770       0x40
 *(.gnu.version_r)
 .gnu.version_r
                0x0000000008048770       0x40 /usr/lib/gcc/i686-redhat-linux/4.4.5/../../../crt1.o

.rel.dyn        0x00000000080487b0       0x28
 *(.rel.init)
 *(.rel.text .rel.text.* .rel.gnu.linkonce.t.*)
 .rel.text      0x0000000000000000        0x0 /usr/lib/gcc/i686-redhat-linux/4.4.5/../../../crt1.o
 *(.rel.fini)
 *(.rel.rodata .rel.rodata.* .rel.gnu.linkonce.r.*)
 *(.rel.data.rel.ro* .rel.gnu.linkonce.d.rel.ro.*)
 *(.rel.data .rel.data.* .rel.gnu.linkonce.d.*)
 *(.rel.tdata .rel.tdata.* .rel.gnu.linkonce.td.*)
 *(.rel.tbss .rel.tbss.* .rel.gnu.linkonce.tb.*)
 *(.rel.ctors)
 *(.rel.dtors)
 *(.rel.got)
 .rel.got       0x00000000080487b0        0x8 /usr/lib/gcc/i686-redhat-linux/4.4.5/../../../crt1.o
 *(.rel.sharable_data .rel.sharable_data.* .rel.gnu.linkonce.shrd.*)
 *(.rel.sharable_bss .rel.sharable_bss.* .rel.gnu.linkonce.shrb.*)
 .rel.sharable_bss
                0x0000000000000000        0x0 /usr/lib/gcc/i686-redhat-linux/4.4.5/../../../crt1.o
 *(.rel.bss .rel.bss.* .rel.gnu.linkonce.b.*)
 .rel.bss       0x00000000080487b8       0x20 /usr/lib/gcc/i686-redhat-linux/4.4.5/../../../crt1.o
 *(.rel.ifunc)

.rel.plt        0x00000000080487d8      0x170
 *(.rel.plt)
 .rel.plt       0x00000000080487d8      0x170 /usr/lib/gcc/i686-redhat-linux/4.4.5/../../../crt1.o
                0x0000000008048948                PROVIDE (__rel_iplt_start, .)
 *(.rel.iplt)
 .rel.iplt      0x0000000000000000        0x0 /usr/lib/gcc/i686-redhat-linux/4.4.5/../../../crt1.o
                0x0000000008048948                PROVIDE (__rel_iplt_end, .)

.init           0x0000000008048948       0x30
 *(.init)
 .init          0x0000000008048948       0x22 /usr/lib/gcc/i686-redhat-linux/4.4.5/../../../crti.o
                0x0000000008048948                _init
 .init          0x000000000804896a        0x5 /usr/lib/gcc/i686-redhat-linux/4.4.5/crtbegin.o
 .init          0x000000000804896f        0x5 /usr/lib/gcc/i686-redhat-linux/4.4.5/crtend.o
 .init          0x0000000008048974        0x4 /usr/lib/gcc/i686-redhat-linux/4.4.5/../../../crtn.o

.plt            0x0000000008048978      0x2f0
 *(.plt)
 .plt           0x0000000008048978      0x2f0 /usr/lib/gcc/i686-redhat-linux/4.4.5/../../../crt1.o
                0x0000000008048988                __errno_location@@GLIBC_2.0
                0x0000000008048998                connect@@GLIBC_2.0
                0x00000000080489a8                getpid@@GLIBC_2.0
                0x00000000080489b8                strerror@@GLIBC_2.0
                0x00000000080489c8                getsockname@@GLIBC_2.0
                0x00000000080489d8                __cxa_atexit@@GLIBC_2.1.3
                0x00000000080489e8                inet_ntoa@@GLIBC_2.0
                0x00000000080489f8                err@@GLIBC_2.0
                0x0000000008048a08                setlinebuf@@GLIBC_2.0
                0x0000000008048a28                calloc@@GLIBC_2.0
                0x0000000008048a38                inet_addr@@GLIBC_2.0
                0x0000000008048a48                sendto@@GLIBC_2.0
                0x0000000008048a58                __libc_start_main@@GLIBC_2.0
                0x0000000008048a68                strtoll@@GLIBC_2.0
                0x0000000008048a78                perror@@GLIBC_2.0
                0x0000000008048a88                gettimeofday@@GLIBC_2.0
                0x0000000008048a98                free@@GLIBC_2.0
                0x0000000008048aa8                socket@@GLIBC_2.0
                0x0000000008048ab8                fclose@@GLIBC_2.1
                0x0000000008048ac8                setuid@@GLIBC_2.0
                0x0000000008048ad8                getopt@@GLIBC_2.0
                0x0000000008048ae8                memcpy@@GLIBC_2.0
                0x0000000008048af8                fopen@@GLIBC_2.1
                0x0000000008048b08                unlink@@GLIBC_2.0
                0x0000000008048b18                asprintf@@GLIBC_2.0
                0x0000000008048b28                printf@@GLIBC_2.0
                0x0000000008048b38                getuid@@GLIBC_2.0
                0x0000000008048b48                gethostbyaddr@@GLIBC_2.0
                0x0000000008048b58                select@@GLIBC_2.0
                0x0000000008048b68                close@@GLIBC_2.0
                0x0000000008048b78                fwrite@@GLIBC_2.0
                0x0000000008048b88                fprintf@@GLIBC_2.0
                0x0000000008048b98                malloc@@GLIBC_2.0
                0x0000000008048ba8                fputc@@GLIBC_2.0
                0x0000000008048bb8                puts@@GLIBC_2.0
                0x0000000008048bc8                setsockopt@@GLIBC_2.0
                0x0000000008048bd8                sscanf@@GLIBC_2.0
                0x0000000008048be8                vfprintf@@GLIBC_2.0
                0x0000000008048bf8                getsockopt@@GLIBC_2.0
                0x0000000008048c08                snprintf@@GLIBC_2.0
                0x0000000008048c18                gethostbyname@@GLIBC_2.0
                0x0000000008048c28                warnx@@GLIBC_2.0
                0x0000000008048c38                recvfrom@@GLIBC_2.0
                0x0000000008048c48                exit@@GLIBC_2.0
                0x0000000008048c58                geteuid@@GLIBC_2.0
 *(.iplt)
 .iplt          0x0000000000000000        0x0 /usr/lib/gcc/i686-redhat-linux/4.4.5/../../../crt1.o

.text           0x0000000008048c70     0x2eac
 *(.text.unlikely .text.*_unlikely)
 *(.text .stub .text.* .gnu.linkonce.t.*)
 .text          0x0000000008048c70       0x24 /usr/lib/gcc/i686-redhat-linux/4.4.5/../../../crt1.o
                0x0000000008048c70                _start
 .text          0x0000000008048c94        0x0 /usr/lib/gcc/i686-redhat-linux/4.4.5/../../../crti.o
 *fill*         0x0000000008048c94        0xc 90909090
 .text          0x0000000008048ca0       0x84 /usr/lib/gcc/i686-redhat-linux/4.4.5/crtbegin.o
 *fill*         0x0000000008048d24        0xc 90909090
 .text          0x0000000008048d30      0xb24 igmp.o
                0x0000000008048d30                igmp_debug_kind
                0x0000000008048d80                build_igmp
                0x0000000008048e20                igmp_packet_kind
                0x0000000008048f90                send_igmp
                0x0000000008049220                accept_igmp
                0x0000000008049750                init_igmp
 *fill*         0x0000000008049854        0xc 90909090
 .text          0x0000000008049860      0x3e1 inet.o
                0x0000000008049860                inet_valid_mask
                0x0000000008049880                inet_cksum
                0x0000000008049900                inet_parse
                0x00000000080499c0                inet_fmt
                0x0000000008049a10                inet_valid_subnet
                0x0000000008049ab0                inet_valid_host
                0x0000000008049af0                inet_fmts
 *fill*         0x0000000008049c41        0xf 90909090
 .text          0x0000000008049c50      0x923 kern.o
                0x0000000008049c50                k_get_version
                0x0000000008049cc0                k_del_vif
                0x0000000008049d70                k_add_vif
                0x0000000008049e10                k_set_loop
                0x0000000008049e80                k_set_ttl
                0x0000000008049f10                k_hdr_include
                0x0000000008049f80                k_set_rcvbuf
                0x000000000804a0a0                k_stop_dvmrp
                0x000000000804a110                k_init_dvmrp
                0x000000000804a1a0                k_del_rg
                0x000000000804a260                k_add_rg
                0x000000000804a350                k_leave
                0x000000000804a410                k_join
                0x000000000804a4d0                k_set_if
 *fill*         0x000000000804a573        0xd 90909090
 .text          0x000000000804a580     0x1123 mrinfo.o
                0x000000000804a580                accept_probe
                0x000000000804a590                accept_group_report
                0x000000000804a5a0                accept_report
                0x000000000804a5b0                accept_neighbor_request
                0x000000000804a5c0                accept_neighbor_request2
                0x000000000804a5d0                accept_prune
                0x000000000804a5e0                accept_graft
                0x000000000804a5f0                accept_g_ack
                0x000000000804a600                add_table_entry
                0x000000000804a610                check_vif_state
                0x000000000804a620                accept_leave_message
                0x000000000804a630                accept_mtrace
                0x000000000804a640                accept_membership_query
                0x000000000804a650                accept_info_request
                0x000000000804a660                accept_info_reply
                0x000000000804a670                usage
                0x000000000804a6a0                ask2
                0x000000000804a6e0                ask
                0x000000000804a720                logit
                0x000000000804a820                inet_name
                0x000000000804a880                accept_neighbors2
                0x000000000804ab90                accept_neighbors
                0x000000000804ad10                main
 *fill*         0x000000000804b6a3        0xd 90909090
 .text          0x000000000804b6b0       0x56 strlcpy.o
                0x000000000804b6b0                strlcpy
 *fill*         0x000000000804b706        0xa 90909090
 .text          0x000000000804b710      0x179 pidfile.o
                0x000000000804b740                pidfile
 *fill*         0x000000000804b889        0x7 90909090
 .text          0x000000000804b890      0x1a3 strtonum.o
                0x000000000804b890                strtonum
 *fill*         0x000000000804ba33        0xd 90909090
 .text          0x000000000804ba40       0x6a /usr/lib/libc_nonshared.a(elf-init.oS)
                0x000000000804ba40                __libc_csu_fini
                0x000000000804ba50                __libc_csu_init
 .text.__i686.get_pc_thunk.bx
                0x000000000804baaa        0x4 /usr/lib/libc_nonshared.a(elf-init.oS)
                0x000000000804baaa                __i686.get_pc_thunk.bx
 *fill*         0x000000000804baae        0x2 90909090
 .text          0x000000000804bab0       0x3b /usr/lib/libc_nonshared.a(atexit.oS)
                0x000000000804bab0                atexit
 *fill*         0x000000000804baeb        0x5 90909090
 .text          0x000000000804baf0       0x2b /usr/lib/gcc/i686-redhat-linux/4.4.5/crtend.o
 *fill*         0x000000000804bb1b        0x1 90909090
 .text          0x000000000804bb1c        0x0 /usr/lib/gcc/i686-redhat-linux/4.4.5/../../../crtn.o
 *(.gnu.warning)

.fini           0x000000000804bb1c       0x1c
 *(.fini)
 .fini          0x000000000804bb1c       0x13 /usr/lib/gcc/i686-redhat-linux/4.4.5/../../../crti.o
                0x000000000804bb1c                _fini
 .fini          0x000000000804bb2f        0x5 /usr/lib/gcc/i686-redhat-linux/4.4.5/crtbegin.o
 .fini          0x000000000804bb34        0x4 /usr/lib/gcc/i686-redhat-linux/4.4.5/../../../crtn.o
                0x000000000804bb38                PROVIDE (__etext, .)
                0x000000000804bb38                PROVIDE (_etext, .)
                0x000000000804bb38                PROVIDE (etext, .)

.rodata         0x000000000804bb40      0xaba
 *(.rodata .rodata.* .gnu.linkonce.r.*)
 .rodata        0x000000000804bb40        0x4 /usr/lib/gcc/i686-redhat-linux/4.4.5/../../../crt1.o
                0x000000000804bb40                _fp_hw
 .rodata.cst4   0x000000000804bb44        0x4 /usr/lib/gcc/i686-redhat-linux/4.4.5/../../../crt1.o
                0x000000000804bb44                _IO_stdin_used
 .rodata        0x000000000804bb48        0x4 /usr/lib/gcc/i686-redhat-linux/4.4.5/crtbegin.o
                0x000000000804bb48                __dso_handle
 .rodata.str1.1
                0x000000000804bb4c      0x290 igmp.o
 *fill*         0x000000000804bddc        0x4 00
 .rodata        0x000000000804bde0      0x12c igmp.o
 .rodata.str1.4
                0x000000000804bf0c      0x128 igmp.o
 .rodata.str1.1
                0x000000000804c034       0x31 inet.o
                                         0x4c (size before relaxing)
 *fill*         0x000000000804c065        0x3 00
 .rodata.str1.4
                0x000000000804c068      0x221 kern.o
 .rodata.str1.1
                0x000000000804c289       0x4e kern.o
 *fill*         0x000000000804c2d7        0x1 00
 .rodata.str1.4
                0x000000000804c2d8      0x100 mrinfo.o
                                         0xfd (size before relaxing)
 .rodata.str1.1
                0x000000000804c3d8      0x1a5 mrinfo.o
 *fill*         0x000000000804c57d        0x3 00
 .rodata        0x000000000804c580       0x44 mrinfo.o
 .rodata.str1.1
                0x000000000804c5c4       0x1a pidfile.o
 .rodata.str1.1
                0x000000000804c5de       0x1c strtonum.o

.rodata1
 *(.rodata1)

.eh_frame_hdr   0x000000000804c5fc       0x2c
 *(.eh_frame_hdr)
 .eh_frame_hdr  0x000000000804c5fc       0x2c /usr/lib/libc_nonshared.a(elf-init.oS)

.eh_frame       0x000000000804c628       0xa0
 *(.eh_frame)
 .eh_frame      0x000000000804c628       0x78 /usr/lib/libc_nonshared.a(elf-init.oS)
 .eh_frame      0x000000000804c6a0       0x24 /usr/lib/libc_nonshared.a(atexit.oS)
                                         0x50 (size before relaxing)
 .eh_frame      0x000000000804c6c4        0x4 /usr/lib/gcc/i686-redhat-linux/4.4.5/crtend.o

.gcc_except_table
 *(.gcc_except_table .gcc_except_table.*)
                0x000000000804c6c8                . = (ALIGN (0x1000) - ((0x1000 - .) & 0xfff))
                0x000000000804d6c8                . = (0x1000 DATA_SEGMENT_ALIGN 0x1000)

.eh_frame
 *(.eh_frame)

.gcc_except_table
 *(.gcc_except_table .gcc_except_table.*)

.tdata
 *(.tdata .tdata.* .gnu.linkonce.td.*)

.tbss
 *(.tbss .tbss.* .gnu.linkonce.tb.*)
 *(.tcommon)

.preinit_array  0x000000000804d6c8        0x0
                0x000000000804d6c8                PROVIDE (__preinit_array_start, .)
 *(.preinit_array)
                0x000000000804d6c8                PROVIDE (__preinit_array_end, .)

.init_array     0x000000000804d6c8        0x0
                0x000000000804d6c8                PROVIDE (__init_array_start, .)
 *(SORT(.init_array.*))
 *(.init_array)
                0x000000000804d6c8                PROVIDE (__init_array_end, .)

.fini_array     0x000000000804d6c8        0x0
                0x000000000804d6c8                PROVIDE (__fini_array_start, .)
 *(.fini_array)
 *(SORT(.fini_array.*))
                0x000000000804d6c8                PROVIDE (__fini_array_end, .)

.ctors          0x000000000804d6c8        0x8
 *crtbegin.o(.ctors)
 .ctors         0x000000000804d6c8        0x4 /usr/lib/gcc/i686-redhat-linux/4.4.5/crtbegin.o
 *crtbegin?.o(.ctors)
 *(EXCLUDE_FILE(*crtend?.o *crtend.o) .ctors)
 *(SORT(.ctors.*))
 *(.ctors)
 .ctors         0x000000000804d6cc        0x4 /usr/lib/gcc/i686-redhat-linux/4.4.5/crtend.o

.dtors          0x000000000804d6d0        0x8
 *crtbegin.o(.dtors)
 .dtors         0x000000000804d6d0        0x4 /usr/lib/gcc/i686-redhat-linux/4.4.5/crtbegin.o
 *crtbegin?.o(.dtors)
 *(EXCLUDE_FILE(*crtend?.o *crtend.o) .dtors)
 *(SORT(.dtors.*))
 *(.dtors)
 .dtors         0x000000000804d6d4        0x4 /usr/lib/gcc/i686-redhat-linux/4.4.5/crtend.o
                0x000000000804d6d4                __DTOR_END__

.jcr            0x000000000804d6d8        0x4
 *(.jcr)
 .jcr           0x000000000804d6d8        0x0 /usr/lib/gcc/i686-redhat-linux/4.4.5/crtbegin.o
 .jcr           0x000000000804d6d8        0x4 /usr/lib/gcc/i686-redhat-linux/4.4.5/crtend.o

.data.rel.ro
 *(.data.rel.ro.local* .gnu.linkonce.d.rel.ro.local.*)
 *(.data.rel.ro* .gnu.linkonce.d.rel.ro.*)

.dynamic        0x000000000804d6dc       0xc8
 *(.dynamic)
 .dynamic       0x000000000804d6dc       0xc8 /usr/lib/gcc/i686-redhat-linux/4.4.5/../../../crt1.o
                0x000000000804d6dc                _DYNAMIC

.got            0x000000000804d7a4        0x8
 *(.got)
 .got           0x000000000804d7a4        0x8 /usr/lib/gcc/i686-redhat-linux/4.4.5/../../../crt1.o
 *(.igot)
                0x000000000804d7ac                . = (. DATA_SEGMENT_RELRO_END 0xc)

.got.plt        0x000000000804d7ac       0xc4
 *(.got.plt)
 .got.plt       0x000000000804d7ac       0xc4 /usr/lib/gcc/i686-redhat-linux/4.4.5/../../../crt1.o
                0x000000000804d7ac                _GLOBAL_OFFSET_TABLE_
 *(.igot.plt)
 .igot.plt      0x0000000000000000        0x0 /usr/lib/gcc/i686-redhat-linux/4.4.5/../../../crt1.o

.data           0x000000000804d870        0xc
 *(.data .data.* .gnu.linkonce.d.*)
 .data          0x000000000804d870        0x4 /usr/lib/gcc/i686-redhat-linux/4.4.5/../../../crt1.o
                0x000000000804d870                data_start
                0x000000000804d870                __data_start
 .data          0x000000000804d874        0x0 /usr/lib/gcc/i686-redhat-linux/4.4.5/../../../crti.o
 .data          0x000000000804d874        0x0 /usr/lib/gcc/i686-redhat-linux/4.4.5/crtbegin.o
 .data          0x000000000804d874        0x0 igmp.o
 .data          0x000000000804d874        0x0 inet.o
 .data          0x000000000804d874        0x0 kern.o
 .data          0x000000000804d874        0x8 mrinfo.o
                0x000000000804d874                retries
                0x000000000804d878                timeout
 .data          0x000000000804d87c        0x0 strlcpy.o
 .data          0x000000000804d87c        0x0 pidfile.o
 .data          0x000000000804d87c        0x0 strtonum.o
 .data          0x000000000804d87c        0x0 /usr/lib/libc_nonshared.a(elf-init.oS)
 .data          0x000000000804d87c        0x0 /usr/lib/libc_nonshared.a(atexit.oS)
 .data          0x000000000804d87c        0x0 /usr/lib/gcc/i686-redhat-linux/4.4.5/crtend.o
 .data          0x000000000804d87c        0x0 /usr/lib/gcc/i686-redhat-linux/4.4.5/../../../crtn.o

.data1
 *(.data1)

.sharable_data  0x000000000804e000        0x0
                0x000000000804e000                PROVIDE (__sharable_data_start, .)
 *(.sharable_data .sharable_data.* .gnu.linkonce.shrd.*)
                0x000000000804e000                . = ALIGN ((. != 0x0)?0x1000:0x1)
                0x000000000804e000                PROVIDE (__sharable_data_end, .)
                0x000000000804e000                _edata = .
                0x000000000804e000                PROVIDE (edata, .)
                0x000000000804e000                __bss_start = .

.bss            0x000000000804d880       0xb8
 *(.dynbss)
 .dynbss        0x000000000804d880       0x10 /usr/lib/gcc/i686-redhat-linux/4.4.5/../../../crt1.o
                0x000000000804d880                __progname@@GLIBC_2.0
                0x000000000804d880                program_invocation_short_name@@GLIBC_2.0
                0x000000000804d884                optind@@GLIBC_2.0
                0x000000000804d888                stderr@@GLIBC_2.0
                0x000000000804d88c                optarg@@GLIBC_2.0
 *(.bss .bss.* .gnu.linkonce.b.*)
 .bss           0x000000000804d890        0x0 /usr/lib/gcc/i686-redhat-linux/4.4.5/../../../crt1.o
 .bss           0x000000000804d890        0x0 /usr/lib/gcc/i686-redhat-linux/4.4.5/../../../crti.o
 .bss           0x000000000804d890        0x8 /usr/lib/gcc/i686-redhat-linux/4.4.5/crtbegin.o
 .bss           0x000000000804d898       0x14 igmp.o
 .bss           0x000000000804d8ac        0x0 inet.o
 .bss           0x000000000804d8ac        0x4 kern.o
                0x000000000804d8ac                curttl
 .bss           0x000000000804d8b0       0x10 mrinfo.o
                0x000000000804d8b0                target_addr
                0x000000000804d8b4                debug
                0x000000000804d8b8                nflag
                0x000000000804d8bc                target_level
 .bss           0x000000000804d8c0        0x0 strlcpy.o
 .bss           0x000000000804d8c0        0x8 pidfile.o
 .bss           0x000000000804d8c8        0x0 strtonum.o
 .bss           0x000000000804d8c8        0x0 /usr/lib/libc_nonshared.a(elf-init.oS)
 .bss           0x000000000804d8c8        0x0 /usr/lib/libc_nonshared.a(atexit.oS)
 .bss           0x000000000804d8c8        0x0 /usr/lib/gcc/i686-redhat-linux/4.4.5/crtend.o
 .bss           0x000000000804d8c8        0x0 /usr/lib/gcc/i686-redhat-linux/4.4.5/../../../crtn.o
 *(COMMON)
 COMMON         0x000000000804d8c8       0x1c igmp.o
                0x000000000804d8c8                dvmrp_genid
                0x000000000804d8cc                allrtrs_group
                0x000000000804d8d0                dvmrp_group
                0x000000000804d8d4                igmp_socket
                0x000000000804d8d8                recv_buf
                0x000000000804d8dc                send_buf
                0x000000000804d8e0                allhosts_group
 COMMON         0x000000000804d8e4       0x4c inet.o
                0x000000000804d8e4                s3
                0x000000000804d8f7                s4
                0x000000000804d90a                s1
                0x000000000804d91d                s2
 COMMON         0x000000000804d930        0x6 mrinfo.o
                0x000000000804d930                our_addr
                0x000000000804d934                numvifs
                0x000000000804d938                . = ALIGN ((. != 0x0)?0x4:0x1)
 *fill*         0x000000000804d936        0x2 00

.sharable_bss   0x000000000804e000        0x0
                0x000000000804e000                PROVIDE (__sharable_bss_start, .)
 *(.dynsharablebss)
 .dynsharablebss
                0x0000000000000000        0x0 /usr/lib/gcc/i686-redhat-linux/4.4.5/../../../crt1.o
 *(.sharable_bss .sharable_bss.* .gnu.linkonce.shrb.*)
 *(SHARABLE_COMMON)
                0x000000000804e000                . = ALIGN ((. != 0x0)?0x1000:0x1)
                0x000000000804e000                PROVIDE (__sharable_bss_end, .)
                0x000000000804e000                . = ALIGN (0x4)
                0x000000000804e000                . = ALIGN (0x4)
                0x000000000804e000                _end = .
                0x000000000804e000                PROVIDE (end, .)
                0x000000000804e000                . = DATA_SEGMENT_END (.)

.stab
 *(.stab)

.stabstr
 *(.stabstr)

.stab.excl
 *(.stab.excl)

.stab.exclstr
 *(.stab.exclstr)

.stab.index
 *(.stab.index)

.stab.indexstr
 *(.stab.indexstr)

.comment        0x0000000000000000       0x2c
 *(.comment)
 .comment       0x0000000000000000       0x2c /usr/lib/gcc/i686-redhat-linux/4.4.5/../../../crt1.o
                                         0x2d (size before relaxing)
 .comment       0x0000000000000000       0x2d /usr/lib/gcc/i686-redhat-linux/4.4.5/../../../crti.o
 .comment       0x0000000000000000       0x2d /usr/lib/gcc/i686-redhat-linux/4.4.5/crtbegin.o
 .comment       0x0000000000000000       0x2d igmp.o
 .comment       0x0000000000000000       0x2d inet.o
 .comment       0x0000000000000000       0x2d kern.o
 .comment       0x0000000000000000       0x2d mrinfo.o
 .comment       0x0000000000000000       0x2d strlcpy.o
 .comment       0x0000000000000000       0x2d pidfile.o
 .comment       0x0000000000000000       0x2d strtonum.o
 .comment       0x0000000000000000       0x2d /usr/lib/libc_nonshared.a(elf-init.oS)
 .comment       0x0000000000000000       0x2d /usr/lib/libc_nonshared.a(atexit.oS)
 .comment       0x0000000000000000       0x2d /usr/lib/gcc/i686-redhat-linux/4.4.5/crtend.o
 .comment       0x0000000000000000       0x2d /usr/lib/gcc/i686-redhat-linux/4.4.5/../../../crtn.o

.debug
 *(.debug)

.line
 *(.line)

.debug_srcinfo
 *(.debug_srcinfo)

.debug_sfnames
 *(.debug_sfnames)

.debug_aranges
 *(.debug_aranges)

.debug_pubnames
 *(.debug_pubnames)

.debug_info
 *(.debug_info .gnu.linkonce.wi.*)

.debug_abbrev
 *(.debug_abbrev)

.debug_line
 *(.debug_line)

.debug_frame
 *(.debug_frame)

.debug_str
 *(.debug_str)

.debug_loc
 *(.debug_loc)

.debug_macinfo
 *(.debug_macinfo)

.debug_weaknames
 *(.debug_weaknames)

.debug_funcnames
 *(.debug_funcnames)

.debug_typenames
 *(.debug_typenames)

.debug_varnames
 *(.debug_varnames)

.debug_pubtypes
 *(.debug_pubtypes)

.debug_ranges
 *(.debug_ranges)

.gnu.attributes
 *(.gnu.attributes)

/DISCARD/
 *(.note.GNU-stack)
 *(.gnu_debuglink)
 *(.gnu.lto_*)
OUTPUT(mrinfo elf32-i386)
