Archive member included because of file (symbol)

/usr/lib/libc_nonshared.a(elf-init.oS)
                              /usr/lib/gcc/i686-redhat-linux/4.4.5/../../../crt1.o (__libc_csu_fini)
/usr/lib/libc_nonshared.a(atexit.oS)
                              pidfile.o (atexit)

Allocating common symbols
Common symbol       size              file

phys_vif            0x4               vif.o
dvmrp_genid         0x4               igmp.o
gtp                 0x4               prune.o
s3                  0x13              inet.o
yyvsp               0x4               cfparse.o
delay_change_reports
                    0x4               route.o
vifs_with_neighbors
                    0x4               vif.o
yydebug             0x4               cfparse.o
kroutes             0x4               prune.o
boundlist           0xf0              cfparse.o
numvifs             0x2               vif.o
s4                  0x13              inet.o
allrtrs_group       0x4               igmp.o
mrouted_init_time   0x4               main.o
kernel_table        0x4               prune.o
yychar              0x4               cfparse.o
uvifs               0x1080            vif.o
vifs_down           0x4               vif.o
dvmrp_group         0x4               igmp.o
yyval               0x8               cfparse.o
igmp_socket         0x4               igmp.o
versionstring       0x64              main.o
recv_buf            0x4               igmp.o
send_buf            0x4               igmp.o
udp_socket          0x4               vif.o
s1                  0x13              inet.o
routes_changed      0x4               route.o
yyerrflag           0x4               cfparse.o
allhosts_group      0x4               igmp.o
routing_table       0x4               route.o
nbrs                0x100             vif.o
nroutes             0x4               route.o
s2                  0x13              inet.o
yylval              0x8               cfparse.o
yynerrs             0x4               cfparse.o
yyssp               0x4               cfparse.o

Discarded input sections

 .note.GNU-stack
                0x0000000000000000        0x0 /usr/lib/gcc/i686-redhat-linux/4.4.5/../../../crt1.o
 .note.GNU-stack
                0x0000000000000000        0x0 /usr/lib/gcc/i686-redhat-linux/4.4.5/../../../crti.o
 .note.GNU-stack
                0x0000000000000000        0x0 /usr/lib/gcc/i686-redhat-linux/4.4.5/crtbegin.o
 .note.GNU-stack
                0x0000000000000000        0x0 igmp.o
 .note.GNU-stack
                0x0000000000000000        0x0 inet.o
 .note.GNU-stack
                0x0000000000000000        0x0 kern.o
 .note.GNU-stack
                0x0000000000000000        0x0 config.o
 .note.GNU-stack
                0x0000000000000000        0x0 cfparse.o
 .note.GNU-stack
                0x0000000000000000        0x0 main.o
 .note.GNU-stack
                0x0000000000000000        0x0 route.o
 .note.GNU-stack
                0x0000000000000000        0x0 vif.o
 .note.GNU-stack
                0x0000000000000000        0x0 prune.o
 .note.GNU-stack
                0x0000000000000000        0x0 callout.o
 .note.GNU-stack
                0x0000000000000000        0x0 icmp.o
 .note.GNU-stack
                0x0000000000000000        0x0 ipip.o
 .note.GNU-stack
                0x0000000000000000        0x0 vers.o
 .note.GNU-stack
                0x0000000000000000        0x0 rsrr.o
 .note.GNU-stack
                0x0000000000000000        0x0 strlcpy.o
 .note.GNU-stack
                0x0000000000000000        0x0 pidfile.o
 .note.GNU-stack
                0x0000000000000000        0x0 strtonum.o
 .group         0x0000000000000000        0x8 /usr/lib/libc_nonshared.a(elf-init.oS)
 .note.GNU-stack
                0x0000000000000000        0x0 /usr/lib/libc_nonshared.a(elf-init.oS)
 .group         0x0000000000000000        0x8 /usr/lib/libc_nonshared.a(atexit.oS)
 .text.__i686.get_pc_thunk.bx
                0x0000000000000000        0x4 /usr/lib/libc_nonshared.a(atexit.oS)
 .note.GNU-stack
                0x0000000000000000        0x0 /usr/lib/libc_nonshared.a(atexit.oS)
 .note.GNU-stack
                0x0000000000000000        0x0 /usr/lib/gcc/i686-redhat-linux/4.4.5/crtend.o
 .note.GNU-stack
                0x0000000000000000        0x0 /usr/lib/gcc/i686-redhat-linux/4.4.5/../../../crtn.o

Memory Configuration

Name             Origin             Length             Attributes
*default*        0x0000000000000000 0xffffffffffffffff

Linker script and memory map

LOAD /usr/lib/gcc/i686-redhat-linux/4.4.5/../../../crt1.o
LOAD /usr/lib/gcc/i686-redhat-linux/4.4.5/../../../crti.o
LOAD /usr/lib/gcc/i686-redhat-linux/4.4.5/crtbegin.o
LOAD igmp.o
LOAD inet.o
LOAD kern.o
LOAD config.o
LOAD cfparse.o
LOAD main.o
LOAD route.o
LOAD vif.o
LOAD prune.o
LOAD callout.o
LOAD icmp.o
LOAD ipip.o
LOAD vers.o
LOAD rsrr.o
LOAD strlcpy.o
LOAD pidfile.o
LOAD strtonum.o
LOAD /usr/lib/gcc/i686-redhat-linux/4.4.5/libgcc.a
LOAD /usr/lib/gcc/i686-redhat-linux/4.4.5/libgcc_s.so
LOAD /usr/lib/gcc/i686-redhat-linux/4.4.5/../../../libc.so
START GROUP
LOAD /lib/libc.so.6
LOAD /usr/lib/libc_nonshared.a
LOAD /lib/ld-linux.so.2
END GROUP
LOAD /usr/lib/gcc/i686-redhat-linux/4.4.5/libgcc.a
LOAD /usr/lib/gcc/i686-redhat-linux/4.4.5/libgcc_s.so
LOAD /usr/lib/gcc/i686-redhat-linux/4.4.5/crtend.o
LOAD /usr/lib/gcc/i686-redhat-linux/4.4.5/../../../crtn.o
                0x0000000008048000                PROVIDE (__executable_start, 0x8048000)
                0x0000000008048134                . = (0x8048000 + SIZEOF_HEADERS)

.interp         0x0000000008048134       0x13
 *(.interp)
 .interp        0x0000000008048134       0x13 /usr/lib/gcc/i686-redhat-linux/4.4.5/../../../crt1.o

.note.ABI-tag   0x0000000008048148       0x20
 .note.ABI-tag  0x0000000008048148       0x20 /usr/lib/gcc/i686-redhat-linux/4.4.5/../../../crt1.o

.note.gnu.build-id
                0x0000000008048168       0x24
 *(.note.gnu.build-id)
 .note.gnu.build-id
                0x0000000008048168       0x24 /usr/lib/gcc/i686-redhat-linux/4.4.5/../../../crt1.o

.hash
 *(.hash)

.gnu.hash       0x000000000804818c       0x3c
 *(.gnu.hash)
 .gnu.hash      0x000000000804818c       0x3c /usr/lib/gcc/i686-redhat-linux/4.4.5/../../../crt1.o

.dynsym         0x00000000080481c8      0x4f0
 *(.dynsym)
 .dynsym        0x00000000080481c8      0x4f0 /usr/lib/gcc/i686-redhat-linux/4.4.5/../../../crt1.o

.dynstr         0x00000000080486b8      0x2a1
 *(.dynstr)
 .dynstr        0x00000000080486b8      0x2a1 /usr/lib/gcc/i686-redhat-linux/4.4.5/../../../crt1.o

.gnu.version    0x000000000804895a       0x9e
 *(.gnu.version)
 .gnu.version   0x000000000804895a       0x9e /usr/lib/gcc/i686-redhat-linux/4.4.5/../../../crt1.o

.gnu.version_d  0x00000000080489f8        0x0
 *(.gnu.version_d)
 .gnu.version_d
                0x0000000000000000        0x0 /usr/lib/gcc/i686-redhat-linux/4.4.5/../../../crt1.o

.gnu.version_r  0x00000000080489f8       0x50
 *(.gnu.version_r)
 .gnu.version_r
                0x00000000080489f8       0x50 /usr/lib/gcc/i686-redhat-linux/4.4.5/../../../crt1.o

.rel.dyn        0x0000000008048a48       0x28
 *(.rel.init)
 *(.rel.text .rel.text.* .rel.gnu.linkonce.t.*)
 .rel.text      0x0000000000000000        0x0 /usr/lib/gcc/i686-redhat-linux/4.4.5/../../../crt1.o
 *(.rel.fini)
 *(.rel.rodata .rel.rodata.* .rel.gnu.linkonce.r.*)
 *(.rel.data.rel.ro* .rel.gnu.linkonce.d.rel.ro.*)
 *(.rel.data .rel.data.* .rel.gnu.linkonce.d.*)
 *(.rel.tdata .rel.tdata.* .rel.gnu.linkonce.td.*)
 *(.rel.tbss .rel.tbss.* .rel.gnu.linkonce.tb.*)
 *(.rel.ctors)
 *(.rel.dtors)
 *(.rel.got)
 .rel.got       0x0000000008048a48        0x8 /usr/lib/gcc/i686-redhat-linux/4.4.5/../../../crt1.o
 *(.rel.sharable_data .rel.sharable_data.* .rel.gnu.linkonce.shrd.*)
 *(.rel.sharable_bss .rel.sharable_bss.* .rel.gnu.linkonce.shrb.*)
 .rel.sharable_bss
                0x0000000000000000        0x0 /usr/lib/gcc/i686-redhat-linux/4.4.5/../../../crt1.o
 *(.rel.bss .rel.bss.* .rel.gnu.linkonce.b.*)
 .rel.bss       0x0000000008048a50       0x20 /usr/lib/gcc/i686-redhat-linux/4.4.5/../../../crt1.o
 *(.rel.ifunc)

.rel.plt        0x0000000008048a70      0x240
 *(.rel.plt)
 .rel.plt       0x0000000008048a70      0x240 /usr/lib/gcc/i686-redhat-linux/4.4.5/../../../crt1.o
                0x0000000008048cb0                PROVIDE (__rel_iplt_start, .)
 *(.rel.iplt)
 .rel.iplt      0x0000000000000000        0x0 /usr/lib/gcc/i686-redhat-linux/4.4.5/../../../crt1.o
                0x0000000008048cb0                PROVIDE (__rel_iplt_end, .)

.init           0x0000000008048cb0       0x30
 *(.init)
 .init          0x0000000008048cb0       0x22 /usr/lib/gcc/i686-redhat-linux/4.4.5/../../../crti.o
                0x0000000008048cb0                _init
 .init          0x0000000008048cd2        0x5 /usr/lib/gcc/i686-redhat-linux/4.4.5/crtbegin.o
 .init          0x0000000008048cd7        0x5 /usr/lib/gcc/i686-redhat-linux/4.4.5/crtend.o
 .init          0x0000000008048cdc        0x4 /usr/lib/gcc/i686-redhat-linux/4.4.5/../../../crtn.o

.plt            0x0000000008048ce0      0x490
 *(.plt)
 .plt           0x0000000008048ce0      0x490 /usr/lib/gcc/i686-redhat-linux/4.4.5/../../../crt1.o
                0x0000000008048cf0                fputs@@GLIBC_2.0
                0x0000000008048d00                __errno_location@@GLIBC_2.0
                0x0000000008048d10                sigemptyset@@GLIBC_2.0
                0x0000000008048d20                open@@GLIBC_2.0
                0x0000000008048d30                getpid@@GLIBC_2.0
                0x0000000008048d40                mkdir@@GLIBC_2.0
                0x0000000008048d50                strerror@@GLIBC_2.0
                0x0000000008048d60                __cxa_atexit@@GLIBC_2.1.3
                0x0000000008048d70                qsort@@GLIBC_2.0
                0x0000000008048d80                syslog@@GLIBC_2.0
                0x0000000008048d90                random@@GLIBC_2.0
                0x0000000008048da0                setlinebuf@@GLIBC_2.0
                0x0000000008048dc0                realloc@@GLIBC_2.0
                0x0000000008048dd0                setlogmask@@GLIBC_2.0
                0x0000000008048de0                localtime@@GLIBC_2.0
                0x0000000008048df0                strchr@@GLIBC_2.0
                0x0000000008048e00                vsnprintf@@GLIBC_2.0
                0x0000000008048e10                system@@GLIBC_2.0
                0x0000000008048e20                strncpy@@GLIBC_2.0
                0x0000000008048e30                sendto@@GLIBC_2.0
                0x0000000008048e40                sendmsg@@GLIBC_2.0
                0x0000000008048e50                fgets@@GLIBC_2.0
                0x0000000008048e60                memset@@GLIBC_2.0
                0x0000000008048e70                __libc_start_main@@GLIBC_2.0
                0x0000000008048e80                read@@GLIBC_2.0
                0x0000000008048e90                strtoll@@GLIBC_2.0
                0x0000000008048ea0                usleep@@GLIBC_2.0
                0x0000000008048eb0                gettimeofday@@GLIBC_2.0
                0x0000000008048ec0                free@@GLIBC_2.0
                0x0000000008048ed0                openlog@@GLIBC_2.0
                0x0000000008048ee0                gethostid@@GLIBC_2.0
                0x0000000008048ef0                sigaction@@GLIBC_2.0
                0x0000000008048f00                getopt_long@@GLIBC_2.0
                0x0000000008048f10                ioctl@@GLIBC_2.0
                0x0000000008048f20                socket@@GLIBC_2.0
                0x0000000008048f30                dup2@@GLIBC_2.0
                0x0000000008048f40                fclose@@GLIBC_2.1
                0x0000000008048f50                strlen@@GLIBC_2.0
                0x0000000008048f60                fopen@@GLIBC_2.1
                0x0000000008048f70                unlink@@GLIBC_2.0
                0x0000000008048f80                getifaddrs@@GLIBC_2.3
                0x0000000008048f90                asprintf@@GLIBC_2.0
                0x0000000008048fa0                ctime@@GLIBC_2.0
                0x0000000008048fb0                bind@@GLIBC_2.0
                0x0000000008048fc0                warn@@GLIBC_2.0
                0x0000000008048fd0                select@@GLIBC_2.0
                0x0000000008048fe0                srandom@@GLIBC_2.0
                0x0000000008048ff0                close@@GLIBC_2.0
                0x0000000008049000                fwrite@@GLIBC_2.0
                0x0000000008049010                fprintf@@GLIBC_2.0
                0x0000000008049020                time@@GLIBC_2.0
                0x0000000008049030                remove@@GLIBC_2.0
                0x0000000008049040                malloc@@GLIBC_2.0
                0x0000000008049050                fputc@@GLIBC_2.0
                0x0000000008049060                freeifaddrs@@GLIBC_2.3
                0x0000000008049070                memmove@@GLIBC_2.0
                0x0000000008049080                puts@@GLIBC_2.0
                0x0000000008049090                fork@@GLIBC_2.0
                0x00000000080490a0                setsockopt@@GLIBC_2.0
                0x00000000080490b0                sscanf@@GLIBC_2.0
                0x00000000080490c0                fscanf@@GLIBC_2.0
                0x00000000080490d0                strncmp@@GLIBC_2.0
                0x00000000080490e0                getsockopt@@GLIBC_2.0
                0x00000000080490f0                snprintf@@GLIBC_2.0
                0x0000000008049100                kill@@GLIBC_2.0
                0x0000000008049110                gethostbyname@@GLIBC_2.0
                0x0000000008049120                warnx@@GLIBC_2.0
                0x0000000008049130                recvfrom@@GLIBC_2.0
                0x0000000008049140                strcmp@@GLIBC_2.0
                0x0000000008049150                exit@@GLIBC_2.0
                0x0000000008049160                geteuid@@GLIBC_2.0
 *(.iplt)
 .iplt          0x0000000000000000        0x0 /usr/lib/gcc/i686-redhat-linux/4.4.5/../../../crt1.o

.text           0x0000000008049170    0x12aec
 *(.text.unlikely .text.*_unlikely)
 *(.text .stub .text.* .gnu.linkonce.t.*)
 .text          0x0000000008049170       0x24 /usr/lib/gcc/i686-redhat-linux/4.4.5/../../../crt1.o
                0x0000000008049170                _start
 .text          0x0000000008049194        0x0 /usr/lib/gcc/i686-redhat-linux/4.4.5/../../../crti.o
 *fill*         0x0000000008049194        0xc 90909090
 .text          0x00000000080491a0       0x84 /usr/lib/gcc/i686-redhat-linux/4.4.5/crtbegin.o
 *fill*         0x0000000008049224        0xc 90909090
 .text          0x0000000008049230      0xb24 igmp.o
                0x0000000008049230                igmp_debug_kind
                0x0000000008049280                build_igmp
                0x0000000008049320                igmp_packet_kind
                0x0000000008049490                send_igmp
                0x0000000008049720                accept_igmp
                0x0000000008049c50                init_igmp
 *fill*         0x0000000008049d54        0xc 90909090
 .text          0x0000000008049d60      0x3e1 inet.o
                0x0000000008049d60                inet_valid_mask
                0x0000000008049d80                inet_cksum
                0x0000000008049e00                inet_parse
                0x0000000008049ec0                inet_fmt
                0x0000000008049f10                inet_valid_subnet
                0x0000000008049fb0                inet_valid_host
                0x0000000008049ff0                inet_fmts
 *fill*         0x000000000804a141        0xf 90909090
 .text          0x000000000804a150      0x923 kern.o
                0x000000000804a150                k_get_version
                0x000000000804a1c0                k_del_vif
                0x000000000804a270                k_add_vif
                0x000000000804a310                k_set_loop
                0x000000000804a380                k_set_ttl
                0x000000000804a410                k_hdr_include
                0x000000000804a480                k_set_rcvbuf
                0x000000000804a5a0                k_stop_dvmrp
                0x000000000804a610                k_init_dvmrp
                0x000000000804a6a0                k_del_rg
                0x000000000804a760                k_add_rg
                0x000000000804a850                k_leave
                0x000000000804a910                k_join
                0x000000000804a9d0                k_set_if
 *fill*         0x000000000804aa73        0xd 90909090
 .text          0x000000000804aa80      0x3dc config.o
                0x000000000804aa80                config_vifs_from_kernel
 *fill*         0x000000000804ae5c        0x4 90909090
 .text          0x000000000804ae60     0x1af0 cfparse.o
                0x000000000804b4a0                yyparse
                0x000000000804c8c0                config_vifs_from_file
 .text          0x000000000804c950     0x1723 main.o
                0x000000000804c950                register_input_handler
                0x000000000804c9f0                logit
                0x000000000804cbe0                scaletime
                0x000000000804d200                main
 *fill*         0x000000000804e073        0xd 90909090
 .text          0x000000000804e080     0x2af5 route.o
                0x000000000804e080                init_routes
                0x000000000804e230                start_route_updates
                0x000000000804e240                expire_all_routes
                0x000000000804e270                determine_route
                0x000000000804e2a0                dump_routes
                0x000000000804e900                report_next_chunk
                0x000000000804ea50                report
                0x000000000804eab0                report_to_all_neighbors
                0x000000000804ec20                free_all_routes
                0x000000000804ec50                blaster_alloc
                0x000000000804ecb0                accept_probe
                0x000000000804ee80                age_routes
                0x000000000804f040                delete_neighbor_from_routes
                0x000000000804f1f0                add_neighbor_to_routes
                0x000000000804f2c0                delete_vif_from_routes
                0x000000000804f3b0                add_vif_to_routes
                0x000000000804f450                update_route
                0x0000000008050260                accept_report
 *fill*         0x0000000008050b75        0xb 90909090
 .text          0x0000000008050b80     0x3637 vif.o
                0x0000000008050b80                zero_vif
                0x0000000008050c60                find_vif
                0x0000000008050d30                neighbor_info
                0x0000000008050d60                dump_vifs
                0x0000000008051570                accept_info_reply
                0x0000000008051600                accept_neighbors2
                0x0000000008051690                accept_neighbors
                0x0000000008051700                stop_all_vifs
                0x0000000008051860                age_vifs
                0x0000000008051ae0                query_groups
                0x0000000008051be0                accept_neighbor_request2
                0x0000000008051e40                accept_neighbor_request
                0x0000000008051fe0                accept_info_request
                0x0000000008052160                accept_membership_query
                0x0000000008052610                accept_leave_message
                0x0000000008052890                accept_group_report
                0x0000000008052a50                send_on_vif
                0x0000000008052bf0                update_neighbor
                0x0000000008053860                probe_for_neighbors
                0x00000000080538b0                init_installvifs
                0x0000000008053b60                check_vif_state
                0x0000000008053f00                init_vifs
 *fill*         0x00000000080541b7        0x9 90909090
 .text          0x00000000080541c0     0x5f08 prune.o
                0x00000000080541c0                grplst_mem
                0x0000000008054200                init_ktable
                0x0000000008054230                find_src_grp
                0x0000000008054320                determine_forwvifs
                0x00000000080544c0                accept_g_ack
                0x0000000008054720                accept_mtrace
                0x00000000080555c0                dump_cache
                0x0000000008055dc0                steal_sources
                0x0000000008056210                free_all_prunes
                0x0000000008056320                del_table_entry
                0x0000000008056970                accept_graft
                0x0000000008057030                chkgrp_graft
                0x00000000080571f0                update_lclgrp
                0x00000000080573c0                reset_neighbor_state
                0x0000000008057c90                accept_prune
                0x0000000008058630                delete_lclgrp
                0x0000000008058860                add_table_entry
                0x0000000008058d80                send_prune_or_graft
                0x0000000008058db0                age_table_entry
                0x0000000008059c10                update_table_entry
 *fill*         0x000000000805a0c8        0x8 90909090
 .text          0x000000000805a0d0      0x3dc callout.o
                0x000000000805a0d0                callout_init
                0x000000000805a0e0                timer_leftTimer
                0x000000000805a120                free_all_callouts
                0x000000000805a150                timer_clearTimer
                0x000000000805a250                timer_nextTimer
                0x000000000805a2a0                age_callout_queue
                0x000000000805a350                timer_setTimer
 *fill*         0x000000000805a4ac        0x4 90909090
 .text          0x000000000805a4b0      0x4a0 icmp.o
                0x000000000805a4b0                init_icmp
 .text          0x000000000805a950      0x31c ipip.o
                0x000000000805a950                init_ipip
                0x000000000805a960                send_ipip
                0x000000000805abe0                init_ipip_on_vif
 .text          0x000000000805ac6c        0x0 vers.o
 *fill*         0x000000000805ac6c        0x4 90909090
 .text          0x000000000805ac70      0xb80 rsrr.o
                0x000000000805ac70                rsrr_clean
                0x000000000805ac90                rsrr_cache_clean
                0x000000000805b250                rsrr_cache_send
                0x000000000805b2f0                rsrr_init
 .text          0x000000000805b7f0       0x56 strlcpy.o
                0x000000000805b7f0                strlcpy
 *fill*         0x000000000805b846        0xa 90909090
 .text          0x000000000805b850      0x179 pidfile.o
                0x000000000805b880                pidfile
 *fill*         0x000000000805b9c9        0x7 90909090
 .text          0x000000000805b9d0      0x1a3 strtonum.o
                0x000000000805b9d0                strtonum
 *fill*         0x000000000805bb73        0xd 90909090
 .text          0x000000000805bb80       0x6a /usr/lib/libc_nonshared.a(elf-init.oS)
                0x000000000805bb80                __libc_csu_fini
                0x000000000805bb90                __libc_csu_init
 .text.__i686.get_pc_thunk.bx
                0x000000000805bbea        0x4 /usr/lib/libc_nonshared.a(elf-init.oS)
                0x000000000805bbea                __i686.get_pc_thunk.bx
 *fill*         0x000000000805bbee        0x2 90909090
 .text          0x000000000805bbf0       0x3b /usr/lib/libc_nonshared.a(atexit.oS)
                0x000000000805bbf0                atexit
 *fill*         0x000000000805bc2b        0x5 90909090
 .text          0x000000000805bc30       0x2b /usr/lib/gcc/i686-redhat-linux/4.4.5/crtend.o
 *fill*         0x000000000805bc5b        0x1 90909090
 .text          0x000000000805bc5c        0x0 /usr/lib/gcc/i686-redhat-linux/4.4.5/../../../crtn.o
 *(.gnu.warning)

.fini           0x000000000805bc5c       0x1c
 *(.fini)
 .fini          0x000000000805bc5c       0x13 /usr/lib/gcc/i686-redhat-linux/4.4.5/../../../crti.o
                0x000000000805bc5c                _fini
 .fini          0x000000000805bc6f        0x5 /usr/lib/gcc/i686-redhat-linux/4.4.5/crtbegin.o
 .fini          0x000000000805bc74        0x4 /usr/lib/gcc/i686-redhat-linux/4.4.5/../../../crtn.o
                0x000000000805bc78                PROVIDE (__etext, .)
                0x000000000805bc78                PROVIDE (_etext, .)
                0x000000000805bc78                PROVIDE (etext, .)

.rodata         0x000000000805bc80     0x4561
 *(.rodata .rodata.* .gnu.linkonce.r.*)
 .rodata        0x000000000805bc80        0x4 /usr/lib/gcc/i686-redhat-linux/4.4.5/../../../crt1.o
                0x000000000805bc80                _fp_hw
 .rodata.cst4   0x000000000805bc84        0x4 /usr/lib/gcc/i686-redhat-linux/4.4.5/../../../crt1.o
                0x000000000805bc84                _IO_stdin_used
 .rodata        0x000000000805bc88        0x4 /usr/lib/gcc/i686-redhat-linux/4.4.5/crtbegin.o
                0x000000000805bc88                __dso_handle
 .rodata.str1.1
                0x000000000805bc8c      0x290 igmp.o
 *fill*         0x000000000805bf1c        0x4 00
 .rodata        0x000000000805bf20      0x12c igmp.o
 .rodata.str1.4
                0x000000000805c04c      0x128 igmp.o
 .rodata.str1.1
                0x000000000805c174       0x31 inet.o
                                         0x4c (size before relaxing)
 *fill*         0x000000000805c1a5        0x3 00
 .rodata.str1.4
                0x000000000805c1a8      0x221 kern.o
 .rodata.str1.1
                0x000000000805c3c9       0x4e kern.o
 .rodata.str1.1
                0x000000000805c417       0x26 config.o
 *fill*         0x000000000805c43d        0x3 00
 .rodata.str1.4
                0x000000000805c440       0xc1 config.o
 .rodata.str1.1
                0x000000000805c501      0x2af cfparse.o
                                        0x2ee (size before relaxing)
 .rodata.str1.4
                0x000000000805c7b0      0x461 cfparse.o
 *fill*         0x000000000805cc11        0x3 00
 .rodata        0x000000000805cc14      0x120 cfparse.o
 *fill*         0x000000000805cd34        0xc 00
 .rodata        0x000000000805cd40      0x1af main.o
 .rodata.str1.1
                0x000000000805ceef      0x225 main.o
                                        0x285 (size before relaxing)
 .rodata.str1.4
                0x000000000805d114      0x2f6 main.o
 .rodata.str1.1
                0x000000000805d40a       0x8e route.o
                                         0x95 (size before relaxing)
 .rodata.str1.4
                0x000000000805d498      0x6ea route.o
 .rodata.str1.1
                0x000000000805db82      0x2e9 vif.o
                                        0x364 (size before relaxing)
 *fill*         0x000000000805de6b        0x1 00
 .rodata.str1.4
                0x000000000805de6c      0x957 vif.o
 *fill*         0x000000000805e7c3       0x1d 00
 .rodata        0x000000000805e7e0       0xb8 vif.o
 .rodata.str1.4
                0x000000000805e898      0xe9d prune.o
 .rodata.str1.1
                0x000000000805f735      0x33e prune.o
                                        0x349 (size before relaxing)
 .rodata.str1.1
                0x000000000805fa73       0x30 callout.o
 *fill*         0x000000000805faa3        0x1 00
 .rodata.str1.4
                0x000000000805faa4       0x8b callout.o
 .rodata.str1.1
                0x000000000805fb2f      0x23d icmp.o
 .rodata.str1.4
                0x000000000805fd6c       0x49 icmp.o
 *fill*         0x000000000805fdb5        0x3 00
 .rodata        0x000000000805fdb8       0x40 icmp.o
 .rodata.str1.1
                0x000000000805fdf8       0x14 ipip.o
                                         0x2d (size before relaxing)
 .rodata.str1.4
                0x000000000805fe0c       0x27 ipip.o
 .rodata.str1.1
                0x000000000805fe33       0xc6 rsrr.o
                                         0xc7 (size before relaxing)
 *fill*         0x000000000805fef9        0x3 00
 .rodata.str1.4
                0x000000000805fefc      0x2c4 rsrr.o
                                        0x2c3 (size before relaxing)
 .rodata.str1.1
                0x00000000080601c0        0x5 pidfile.o
                                         0x1a (size before relaxing)
 .rodata.str1.1
                0x00000000080601c5       0x1c strtonum.o

.rodata1
 *(.rodata1)

.eh_frame_hdr   0x00000000080601e4       0x2c
 *(.eh_frame_hdr)
 .eh_frame_hdr  0x00000000080601e4       0x2c /usr/lib/libc_nonshared.a(elf-init.oS)

.eh_frame       0x0000000008060210       0xa0
 *(.eh_frame)
 .eh_frame      0x0000000008060210       0x78 /usr/lib/libc_nonshared.a(elf-init.oS)
 .eh_frame      0x0000000008060288       0x24 /usr/lib/libc_nonshared.a(atexit.oS)
                                         0x50 (size before relaxing)
 .eh_frame      0x00000000080602ac        0x4 /usr/lib/gcc/i686-redhat-linux/4.4.5/crtend.o

.gcc_except_table
 *(.gcc_except_table .gcc_except_table.*)
                0x00000000080602b0                . = (ALIGN (0x1000) - ((0x1000 - .) & 0xfff))
                0x00000000080612b0                . = (0x1000 DATA_SEGMENT_ALIGN 0x1000)

.eh_frame
 *(.eh_frame)

.gcc_except_table
 *(.gcc_except_table .gcc_except_table.*)

.tdata
 *(.tdata .tdata.* .gnu.linkonce.td.*)

.tbss
 *(.tbss .tbss.* .gnu.linkonce.tb.*)
 *(.tcommon)

.preinit_array  0x00000000080612b0        0x0
                0x00000000080612b0                PROVIDE (__preinit_array_start, .)
 *(.preinit_array)
                0x00000000080612b0                PROVIDE (__preinit_array_end, .)

.init_array     0x00000000080612b0        0x0
                0x00000000080612b0                PROVIDE (__init_array_start, .)
 *(SORT(.init_array.*))
 *(.init_array)
                0x00000000080612b0                PROVIDE (__init_array_end, .)

.fini_array     0x00000000080612b0        0x0
                0x00000000080612b0                PROVIDE (__fini_array_start, .)
 *(.fini_array)
 *(SORT(.fini_array.*))
                0x00000000080612b0                PROVIDE (__fini_array_end, .)

.ctors          0x00000000080612b0        0x8
 *crtbegin.o(.ctors)
 .ctors         0x00000000080612b0        0x4 /usr/lib/gcc/i686-redhat-linux/4.4.5/crtbegin.o
 *crtbegin?.o(.ctors)
 *(EXCLUDE_FILE(*crtend?.o *crtend.o) .ctors)
 *(SORT(.ctors.*))
 *(.ctors)
 .ctors         0x00000000080612b4        0x4 /usr/lib/gcc/i686-redhat-linux/4.4.5/crtend.o

.dtors          0x00000000080612b8        0x8
 *crtbegin.o(.dtors)
 .dtors         0x00000000080612b8        0x4 /usr/lib/gcc/i686-redhat-linux/4.4.5/crtbegin.o
 *crtbegin?.o(.dtors)
 *(EXCLUDE_FILE(*crtend?.o *crtend.o) .dtors)
 *(SORT(.dtors.*))
 *(.dtors)
 .dtors         0x00000000080612bc        0x4 /usr/lib/gcc/i686-redhat-linux/4.4.5/crtend.o
                0x00000000080612bc                __DTOR_END__

.jcr            0x00000000080612c0        0x4
 *(.jcr)
 .jcr           0x00000000080612c0        0x0 /usr/lib/gcc/i686-redhat-linux/4.4.5/crtbegin.o
 .jcr           0x00000000080612c0        0x4 /usr/lib/gcc/i686-redhat-linux/4.4.5/crtend.o

.data.rel.ro
 *(.data.rel.ro.local* .gnu.linkonce.d.rel.ro.local.*)
 *(.data.rel.ro* .gnu.linkonce.d.rel.ro.*)

.dynamic        0x00000000080612c4       0xc8
 *(.dynamic)
 .dynamic       0x00000000080612c4       0xc8 /usr/lib/gcc/i686-redhat-linux/4.4.5/../../../crt1.o
                0x00000000080612c4                _DYNAMIC

.got            0x000000000806138c        0x8
 *(.got)
 .got           0x000000000806138c        0x8 /usr/lib/gcc/i686-redhat-linux/4.4.5/../../../crt1.o
 *(.igot)
                0x0000000008061394                . = (. DATA_SEGMENT_RELRO_END 0xc)

.got.plt        0x0000000008061394      0x12c
 *(.got.plt)
 .got.plt       0x0000000008061394      0x12c /usr/lib/gcc/i686-redhat-linux/4.4.5/../../../crt1.o
                0x0000000008061394                _GLOBAL_OFFSET_TABLE_
 *(.igot.plt)
 .igot.plt      0x0000000000000000        0x0 /usr/lib/gcc/i686-redhat-linux/4.4.5/../../../crt1.o

.data           0x00000000080614c0     0x1680
 *(.data .data.* .gnu.linkonce.d.*)
 .data          0x00000000080614c0        0x4 /usr/lib/gcc/i686-redhat-linux/4.4.5/../../../crt1.o
                0x00000000080614c0                data_start
                0x00000000080614c0                __data_start
 .data          0x00000000080614c4        0x0 /usr/lib/gcc/i686-redhat-linux/4.4.5/../../../crti.o
 .data          0x00000000080614c4        0x0 /usr/lib/gcc/i686-redhat-linux/4.4.5/crtbegin.o
 .data          0x00000000080614c4        0x0 igmp.o
 .data          0x00000000080614c4        0x0 inet.o
 .data          0x00000000080614c4        0x0 kern.o
 .data          0x00000000080614c4        0x0 config.o
 *fill*         0x00000000080614c4       0x1c 00
 .data          0x00000000080614e0     0x1428 cfparse.o
                0x00000000080614e0                configfilename
                0x0000000008061500                yylhs
                0x00000000080615a0                yylen
                0x0000000008061640                yydefred
                0x0000000008061700                yydgoto
                0x0000000008061740                yysindex
                0x0000000008061800                yyrindex
                0x00000000080618c0                yygindex
                0x0000000008061900                yytable
                0x0000000008062040                yycheck
 *fill*         0x0000000008062908       0x18 00
 .data          0x0000000008062920      0x214 main.o
                0x0000000008062920                cache_lifetime
                0x0000000008062924                prune_lifetime
 .data          0x0000000008062b34        0x0 route.o
 .data          0x0000000008062b34        0x0 vif.o
 .data          0x0000000008062b34        0x0 prune.o
 .data          0x0000000008062b34        0x0 callout.o
 .data          0x0000000008062b34        0x0 icmp.o
 .data          0x0000000008062b34        0x0 ipip.o
 .data          0x0000000008062b34        0x6 vers.o
                0x0000000008062b34                todaysversion
 *fill*         0x0000000008062b3a        0x2 00
 .data          0x0000000008062b3c        0x4 rsrr.o
 .data          0x0000000008062b40        0x0 strlcpy.o
 .data          0x0000000008062b40        0x0 pidfile.o
 .data          0x0000000008062b40        0x0 strtonum.o
 .data          0x0000000008062b40        0x0 /usr/lib/libc_nonshared.a(elf-init.oS)
 .data          0x0000000008062b40        0x0 /usr/lib/libc_nonshared.a(atexit.oS)
 .data          0x0000000008062b40        0x0 /usr/lib/gcc/i686-redhat-linux/4.4.5/crtend.o
 .data          0x0000000008062b40        0x0 /usr/lib/gcc/i686-redhat-linux/4.4.5/../../../crtn.o

.data1
 *(.data1)

.sharable_data  0x0000000008063000        0x0
                0x0000000008063000                PROVIDE (__sharable_data_start, .)
 *(.sharable_data .sharable_data.* .gnu.linkonce.shrd.*)
                0x0000000008063000                . = ALIGN ((. != 0x0)?0x1000:0x1)
                0x0000000008063000                PROVIDE (__sharable_data_end, .)
                0x0000000008063000                _edata = .
                0x0000000008063000                PROVIDE (edata, .)
                0x0000000008063000                __bss_start = .

.bss            0x0000000008062b40    0x11a0c
 *(.dynbss)
 .dynbss        0x0000000008062b40       0x10 /usr/lib/gcc/i686-redhat-linux/4.4.5/../../../crt1.o
                0x0000000008062b40                __progname@@GLIBC_2.0
                0x0000000008062b40                program_invocation_short_name@@GLIBC_2.0
                0x0000000008062b44                optind@@GLIBC_2.0
                0x0000000008062b48                stderr@@GLIBC_2.0
                0x0000000008062b4c                optarg@@GLIBC_2.0
 *(.bss .bss.* .gnu.linkonce.b.*)
 .bss           0x0000000008062b50        0x0 /usr/lib/gcc/i686-redhat-linux/4.4.5/../../../crt1.o
 .bss           0x0000000008062b50        0x0 /usr/lib/gcc/i686-redhat-linux/4.4.5/../../../crti.o
 .bss           0x0000000008062b50        0x8 /usr/lib/gcc/i686-redhat-linux/4.4.5/crtbegin.o
 .bss           0x0000000008062b58       0x14 igmp.o
 .bss           0x0000000008062b6c        0x0 inet.o
 .bss           0x0000000008062b6c        0x4 kern.o
                0x0000000008062b6c                curttl
 .bss           0x0000000008062b70        0x0 config.o
 *fill*         0x0000000008062b70       0x10 00
 .bss           0x0000000008062b80      0x444 cfparse.o
                0x0000000008062b80                allow_black_holes
                0x0000000008062b84                numbounds
 .bss           0x0000000008062fc4       0x5c main.o
                0x0000000008062fc4                did_final_init
                0x0000000008062fc8                debug
                0x0000000008062fcc                virtual_time
 .bss           0x0000000008063020    0x1002c route.o
 .bss           0x000000000807304c        0x4 vif.o
 .bss           0x0000000008073050        0x8 prune.o
 .bss           0x0000000008073058        0x8 callout.o
 .bss           0x0000000008073060       0x24 icmp.o
 .bss           0x0000000008073084        0x4 ipip.o
 .bss           0x0000000008073088        0x0 vers.o
 *fill*         0x0000000008073088       0x18 00
 .bss           0x00000000080730a0       0x8e rsrr.o
 *fill*         0x000000000807312e        0x2 00
 .bss           0x0000000008073130        0x0 strlcpy.o
 .bss           0x0000000008073130        0x8 pidfile.o
 .bss           0x0000000008073138        0x0 strtonum.o
 .bss           0x0000000008073138        0x0 /usr/lib/libc_nonshared.a(elf-init.oS)
 .bss           0x0000000008073138        0x0 /usr/lib/libc_nonshared.a(atexit.oS)
 .bss           0x0000000008073138        0x0 /usr/lib/gcc/i686-redhat-linux/4.4.5/crtend.o
 .bss           0x0000000008073138        0x0 /usr/lib/gcc/i686-redhat-linux/4.4.5/../../../crtn.o
 *(COMMON)
 COMMON         0x0000000008073138       0x1c igmp.o
                0x0000000008073138                dvmrp_genid
                0x000000000807313c                allrtrs_group
                0x0000000008073140                dvmrp_group
                0x0000000008073144                igmp_socket
                0x0000000008073148                recv_buf
                0x000000000807314c                send_buf
                0x0000000008073150                allhosts_group
 COMMON         0x0000000008073154       0x4c inet.o
                0x0000000008073154                s3
                0x0000000008073167                s4
                0x000000000807317a                s1
                0x000000000807318d                s2
 COMMON         0x00000000080731a0      0x130 cfparse.o
                0x00000000080731a0                yyvsp
                0x00000000080731a4                yydebug
                0x00000000080731c0                boundlist
                0x00000000080732b0                yychar
                0x00000000080732b4                yyval
                0x00000000080732bc                yyerrflag
                0x00000000080732c0                yylval
                0x00000000080732c8                yynerrs
                0x00000000080732cc                yyssp
 *fill*         0x00000000080732d0       0x10 00
 COMMON         0x00000000080732e0       0x84 main.o
                0x00000000080732e0                mrouted_init_time
                0x0000000008073300                versionstring
 COMMON         0x0000000008073364       0x10 route.o
                0x0000000008073364                delay_change_reports
                0x0000000008073368                routes_changed
                0x000000000807336c                routing_table
                0x0000000008073370                nroutes
 *fill*         0x0000000008073374        0xc 00
 COMMON         0x0000000008073380     0x11c0 vif.o
                0x0000000008073380                phys_vif
                0x0000000008073384                vifs_with_neighbors
                0x0000000008073388                numvifs
                0x00000000080733a0                uvifs
                0x0000000008074420                vifs_down
                0x0000000008074424                udp_socket
                0x0000000008074440                nbrs
 COMMON         0x0000000008074540        0xc prune.o
                0x0000000008074540                gtp
                0x0000000008074544                kroutes
                0x0000000008074548                kernel_table
                0x000000000807454c                . = ALIGN ((. != 0x0)?0x4:0x1)

.sharable_bss   0x0000000008075000        0x0
                0x0000000008075000                PROVIDE (__sharable_bss_start, .)
 *(.dynsharablebss)
 .dynsharablebss
                0x0000000000000000        0x0 /usr/lib/gcc/i686-redhat-linux/4.4.5/../../../crt1.o
 *(.sharable_bss .sharable_bss.* .gnu.linkonce.shrb.*)
 *(SHARABLE_COMMON)
                0x0000000008075000                . = ALIGN ((. != 0x0)?0x1000:0x1)
                0x0000000008075000                PROVIDE (__sharable_bss_end, .)
                0x0000000008075000                . = ALIGN (0x4)
                0x0000000008075000                . = ALIGN (0x4)
                0x0000000008075000                _end = .
                0x0000000008075000                PROVIDE (end, .)
                0x0000000008075000                . = DATA_SEGMENT_END (.)

.stab
 *(.stab)

.stabstr
 *(.stabstr)

.stab.excl
 *(.stab.excl)

.stab.exclstr
 *(.stab.exclstr)

.stab.index
 *(.stab.index)

.stab.indexstr
 *(.stab.indexstr)

.comment        0x0000000000000000       0x2c
 *(.comment)
 .comment       0x0000000000000000       0x2c /usr/lib/gcc/i686-redhat-linux/4.4.5/../../../crt1.o
                                         0x2d (size before relaxing)
 .comment       0x0000000000000000       0x2d /usr/lib/gcc/i686-redhat-linux/4.4.5/../../../crti.o
 .comment       0x0000000000000000       0x2d /usr/lib/gcc/i686-redhat-linux/4.4.5/crtbegin.o
 .comment       0x0000000000000000       0x2d igmp.o
 .comment       0x0000000000000000       0x2d inet.o
 .comment       0x0000000000000000       0x2d kern.o
 .comment       0x0000000000000000       0x2d config.o
 .comment       0x0000000000000000       0x2d cfparse.o
 .comment       0x0000000000000000       0x2d main.o
 .comment       0x0000000000000000       0x2d route.o
 .comment       0x0000000000000000       0x2d vif.o
 .comment       0x0000000000000000       0x2d prune.o
 .comment       0x0000000000000000       0x2d callout.o
 .comment       0x0000000000000000       0x2d icmp.o
 .comment       0x0000000000000000       0x2d ipip.o
 .comment       0x0000000000000000       0x2d vers.o
 .comment       0x0000000000000000       0x2d rsrr.o
 .comment       0x0000000000000000       0x2d strlcpy.o
 .comment       0x0000000000000000       0x2d pidfile.o
 .comment       0x0000000000000000       0x2d strtonum.o
 .comment       0x0000000000000000       0x2d /usr/lib/libc_nonshared.a(elf-init.oS)
 .comment       0x0000000000000000       0x2d /usr/lib/libc_nonshared.a(atexit.oS)
 .comment       0x0000000000000000       0x2d /usr/lib/gcc/i686-redhat-linux/4.4.5/crtend.o
 .comment       0x0000000000000000       0x2d /usr/lib/gcc/i686-redhat-linux/4.4.5/../../../crtn.o

.debug
 *(.debug)

.line
 *(.line)

.debug_srcinfo
 *(.debug_srcinfo)

.debug_sfnames
 *(.debug_sfnames)

.debug_aranges
 *(.debug_aranges)

.debug_pubnames
 *(.debug_pubnames)

.debug_info
 *(.debug_info .gnu.linkonce.wi.*)

.debug_abbrev
 *(.debug_abbrev)

.debug_line
 *(.debug_line)

.debug_frame
 *(.debug_frame)

.debug_str
 *(.debug_str)

.debug_loc
 *(.debug_loc)

.debug_macinfo
 *(.debug_macinfo)

.debug_weaknames
 *(.debug_weaknames)

.debug_funcnames
 *(.debug_funcnames)

.debug_typenames
 *(.debug_typenames)

.debug_varnames
 *(.debug_varnames)

.debug_pubtypes
 *(.debug_pubtypes)

.debug_ranges
 *(.debug_ranges)

.gnu.attributes
 *(.gnu.attributes)

/DISCARD/
 *(.note.GNU-stack)
 *(.gnu_debuglink)
 *(.gnu.lto_*)
OUTPUT(mrouted elf32-i386)
